Archive member included to satisfy reference by file (symbol)

c:/tools/ac6/systemworkbench/plugins/fr.ac6.mcu.externaltools.arm-none.win32_1.17.0.201812190825/tools/compiler/bin/../lib/gcc/arm-none-eabi/7.3.1/../../../../arm-none-eabi/lib/thumb/v7e-m/fpv4-sp/hard\libc.a(lib_a-errno.o)
                              startup/sysmem.o (__errno)
c:/tools/ac6/systemworkbench/plugins/fr.ac6.mcu.externaltools.arm-none.win32_1.17.0.201812190825/tools/compiler/bin/../lib/gcc/arm-none-eabi/7.3.1/../../../../arm-none-eabi/lib/thumb/v7e-m/fpv4-sp/hard\libc.a(lib_a-exit.o)
                              c:/tools/ac6/systemworkbench/plugins/fr.ac6.mcu.externaltools.arm-none.win32_1.17.0.201812190825/tools/compiler/bin/../lib/gcc/arm-none-eabi/7.3.1/../../../../arm-none-eabi/lib/thumb/v7e-m/fpv4-sp/hard/crt0.o (exit)
c:/tools/ac6/systemworkbench/plugins/fr.ac6.mcu.externaltools.arm-none.win32_1.17.0.201812190825/tools/compiler/bin/../lib/gcc/arm-none-eabi/7.3.1/../../../../arm-none-eabi/lib/thumb/v7e-m/fpv4-sp/hard\libc.a(lib_a-impure.o)
                              c:/tools/ac6/systemworkbench/plugins/fr.ac6.mcu.externaltools.arm-none.win32_1.17.0.201812190825/tools/compiler/bin/../lib/gcc/arm-none-eabi/7.3.1/../../../../arm-none-eabi/lib/thumb/v7e-m/fpv4-sp/hard\libc.a(lib_a-exit.o) (_global_impure_ptr)
c:/tools/ac6/systemworkbench/plugins/fr.ac6.mcu.externaltools.arm-none.win32_1.17.0.201812190825/tools/compiler/bin/../lib/gcc/arm-none-eabi/7.3.1/../../../../arm-none-eabi/lib/thumb/v7e-m/fpv4-sp/hard\libc.a(lib_a-init.o)
                              c:/tools/ac6/systemworkbench/plugins/fr.ac6.mcu.externaltools.arm-none.win32_1.17.0.201812190825/tools/compiler/bin/../lib/gcc/arm-none-eabi/7.3.1/../../../../arm-none-eabi/lib/thumb/v7e-m/fpv4-sp/hard/crt0.o (__libc_init_array)
c:/tools/ac6/systemworkbench/plugins/fr.ac6.mcu.externaltools.arm-none.win32_1.17.0.201812190825/tools/compiler/bin/../lib/gcc/arm-none-eabi/7.3.1/../../../../arm-none-eabi/lib/thumb/v7e-m/fpv4-sp/hard\libc.a(lib_a-memcpy.o)
                              src/main.o (memcpy)
c:/tools/ac6/systemworkbench/plugins/fr.ac6.mcu.externaltools.arm-none.win32_1.17.0.201812190825/tools/compiler/bin/../lib/gcc/arm-none-eabi/7.3.1/../../../../arm-none-eabi/lib/thumb/v7e-m/fpv4-sp/hard\libc.a(lib_a-memset.o)
                              c:/tools/ac6/systemworkbench/plugins/fr.ac6.mcu.externaltools.arm-none.win32_1.17.0.201812190825/tools/compiler/bin/../lib/gcc/arm-none-eabi/7.3.1/../../../../arm-none-eabi/lib/thumb/v7e-m/fpv4-sp/hard/crt0.o (memset)
c:/tools/ac6/systemworkbench/plugins/fr.ac6.mcu.externaltools.arm-none.win32_1.17.0.201812190825/tools/compiler/bin/../lib/gcc/arm-none-eabi/7.3.1/../../../../arm-none-eabi/lib/thumb/v7e-m/fpv4-sp/hard\libc.a(lib_a-__call_atexit.o)
                              c:/tools/ac6/systemworkbench/plugins/fr.ac6.mcu.externaltools.arm-none.win32_1.17.0.201812190825/tools/compiler/bin/../lib/gcc/arm-none-eabi/7.3.1/../../../../arm-none-eabi/lib/thumb/v7e-m/fpv4-sp/hard\libc.a(lib_a-exit.o) (__call_exitprocs)
c:/tools/ac6/systemworkbench/plugins/fr.ac6.mcu.externaltools.arm-none.win32_1.17.0.201812190825/tools/compiler/bin/../lib/gcc/arm-none-eabi/7.3.1/../../../../arm-none-eabi/lib/thumb/v7e-m/fpv4-sp/hard\libc.a(lib_a-atexit.o)
                              c:/tools/ac6/systemworkbench/plugins/fr.ac6.mcu.externaltools.arm-none.win32_1.17.0.201812190825/tools/compiler/bin/../lib/gcc/arm-none-eabi/7.3.1/../../../../arm-none-eabi/lib/thumb/v7e-m/fpv4-sp/hard\libc.a(lib_a-__call_atexit.o) (atexit)
c:/tools/ac6/systemworkbench/plugins/fr.ac6.mcu.externaltools.arm-none.win32_1.17.0.201812190825/tools/compiler/bin/../lib/gcc/arm-none-eabi/7.3.1/../../../../arm-none-eabi/lib/thumb/v7e-m/fpv4-sp/hard\libc.a(lib_a-fini.o)
                              c:/tools/ac6/systemworkbench/plugins/fr.ac6.mcu.externaltools.arm-none.win32_1.17.0.201812190825/tools/compiler/bin/../lib/gcc/arm-none-eabi/7.3.1/../../../../arm-none-eabi/lib/thumb/v7e-m/fpv4-sp/hard\libc.a(lib_a-__call_atexit.o) (__libc_fini_array)
c:/tools/ac6/systemworkbench/plugins/fr.ac6.mcu.externaltools.arm-none.win32_1.17.0.201812190825/tools/compiler/bin/../lib/gcc/arm-none-eabi/7.3.1/../../../../arm-none-eabi/lib/thumb/v7e-m/fpv4-sp/hard\libc.a(lib_a-lock.o)
                              c:/tools/ac6/systemworkbench/plugins/fr.ac6.mcu.externaltools.arm-none.win32_1.17.0.201812190825/tools/compiler/bin/../lib/gcc/arm-none-eabi/7.3.1/../../../../arm-none-eabi/lib/thumb/v7e-m/fpv4-sp/hard\libc.a(lib_a-__call_atexit.o) (__retarget_lock_acquire_recursive)
c:/tools/ac6/systemworkbench/plugins/fr.ac6.mcu.externaltools.arm-none.win32_1.17.0.201812190825/tools/compiler/bin/../lib/gcc/arm-none-eabi/7.3.1/../../../../arm-none-eabi/lib/thumb/v7e-m/fpv4-sp/hard\libc.a(lib_a-__atexit.o)
                              c:/tools/ac6/systemworkbench/plugins/fr.ac6.mcu.externaltools.arm-none.win32_1.17.0.201812190825/tools/compiler/bin/../lib/gcc/arm-none-eabi/7.3.1/../../../../arm-none-eabi/lib/thumb/v7e-m/fpv4-sp/hard\libc.a(lib_a-atexit.o) (__register_exitproc)

Allocating common symbols
Common symbol       size              file

__lock___atexit_recursive_mutex
                    0x1               c:/tools/ac6/systemworkbench/plugins/fr.ac6.mcu.externaltools.arm-none.win32_1.17.0.201812190825/tools/compiler/bin/../lib/gcc/arm-none-eabi/7.3.1/../../../../arm-none-eabi/lib/thumb/v7e-m/fpv4-sp/hard\libc.a(lib_a-lock.o)
__lock___arc4random_mutex
                    0x1               c:/tools/ac6/systemworkbench/plugins/fr.ac6.mcu.externaltools.arm-none.win32_1.17.0.201812190825/tools/compiler/bin/../lib/gcc/arm-none-eabi/7.3.1/../../../../arm-none-eabi/lib/thumb/v7e-m/fpv4-sp/hard\libc.a(lib_a-lock.o)
__lock___env_recursive_mutex
                    0x1               c:/tools/ac6/systemworkbench/plugins/fr.ac6.mcu.externaltools.arm-none.win32_1.17.0.201812190825/tools/compiler/bin/../lib/gcc/arm-none-eabi/7.3.1/../../../../arm-none-eabi/lib/thumb/v7e-m/fpv4-sp/hard\libc.a(lib_a-lock.o)
__lock___sinit_recursive_mutex
                    0x1               c:/tools/ac6/systemworkbench/plugins/fr.ac6.mcu.externaltools.arm-none.win32_1.17.0.201812190825/tools/compiler/bin/../lib/gcc/arm-none-eabi/7.3.1/../../../../arm-none-eabi/lib/thumb/v7e-m/fpv4-sp/hard\libc.a(lib_a-lock.o)
__lock___malloc_recursive_mutex
                    0x1               c:/tools/ac6/systemworkbench/plugins/fr.ac6.mcu.externaltools.arm-none.win32_1.17.0.201812190825/tools/compiler/bin/../lib/gcc/arm-none-eabi/7.3.1/../../../../arm-none-eabi/lib/thumb/v7e-m/fpv4-sp/hard\libc.a(lib_a-lock.o)
__lock___at_quick_exit_mutex
                    0x1               c:/tools/ac6/systemworkbench/plugins/fr.ac6.mcu.externaltools.arm-none.win32_1.17.0.201812190825/tools/compiler/bin/../lib/gcc/arm-none-eabi/7.3.1/../../../../arm-none-eabi/lib/thumb/v7e-m/fpv4-sp/hard\libc.a(lib_a-lock.o)
__lock___dd_hash_mutex
                    0x1               c:/tools/ac6/systemworkbench/plugins/fr.ac6.mcu.externaltools.arm-none.win32_1.17.0.201812190825/tools/compiler/bin/../lib/gcc/arm-none-eabi/7.3.1/../../../../arm-none-eabi/lib/thumb/v7e-m/fpv4-sp/hard\libc.a(lib_a-lock.o)
__lock___tz_mutex   0x1               c:/tools/ac6/systemworkbench/plugins/fr.ac6.mcu.externaltools.arm-none.win32_1.17.0.201812190825/tools/compiler/bin/../lib/gcc/arm-none-eabi/7.3.1/../../../../arm-none-eabi/lib/thumb/v7e-m/fpv4-sp/hard\libc.a(lib_a-lock.o)
__lock___sfp_recursive_mutex
                    0x1               c:/tools/ac6/systemworkbench/plugins/fr.ac6.mcu.externaltools.arm-none.win32_1.17.0.201812190825/tools/compiler/bin/../lib/gcc/arm-none-eabi/7.3.1/../../../../arm-none-eabi/lib/thumb/v7e-m/fpv4-sp/hard\libc.a(lib_a-lock.o)

Discarded input sections

 .text          0x00000000        0x0 c:/tools/ac6/systemworkbench/plugins/fr.ac6.mcu.externaltools.arm-none.win32_1.17.0.201812190825/tools/compiler/bin/../lib/gcc/arm-none-eabi/7.3.1/thumb/v7e-m/fpv4-sp/hard/crti.o
 .data          0x00000000        0x0 c:/tools/ac6/systemworkbench/plugins/fr.ac6.mcu.externaltools.arm-none.win32_1.17.0.201812190825/tools/compiler/bin/../lib/gcc/arm-none-eabi/7.3.1/thumb/v7e-m/fpv4-sp/hard/crti.o
 .bss           0x00000000        0x0 c:/tools/ac6/systemworkbench/plugins/fr.ac6.mcu.externaltools.arm-none.win32_1.17.0.201812190825/tools/compiler/bin/../lib/gcc/arm-none-eabi/7.3.1/thumb/v7e-m/fpv4-sp/hard/crti.o
 .data          0x00000000        0x4 c:/tools/ac6/systemworkbench/plugins/fr.ac6.mcu.externaltools.arm-none.win32_1.17.0.201812190825/tools/compiler/bin/../lib/gcc/arm-none-eabi/7.3.1/thumb/v7e-m/fpv4-sp/hard/crtbegin.o
 .text          0x00000000       0x74 c:/tools/ac6/systemworkbench/plugins/fr.ac6.mcu.externaltools.arm-none.win32_1.17.0.201812190825/tools/compiler/bin/../lib/gcc/arm-none-eabi/7.3.1/../../../../arm-none-eabi/lib/thumb/v7e-m/fpv4-sp/hard/crt0.o
 .data          0x00000000        0x0 c:/tools/ac6/systemworkbench/plugins/fr.ac6.mcu.externaltools.arm-none.win32_1.17.0.201812190825/tools/compiler/bin/../lib/gcc/arm-none-eabi/7.3.1/../../../../arm-none-eabi/lib/thumb/v7e-m/fpv4-sp/hard/crt0.o
 .bss           0x00000000        0x0 c:/tools/ac6/systemworkbench/plugins/fr.ac6.mcu.externaltools.arm-none.win32_1.17.0.201812190825/tools/compiler/bin/../lib/gcc/arm-none-eabi/7.3.1/../../../../arm-none-eabi/lib/thumb/v7e-m/fpv4-sp/hard/crt0.o
 .ARM.extab     0x00000000        0x0 c:/tools/ac6/systemworkbench/plugins/fr.ac6.mcu.externaltools.arm-none.win32_1.17.0.201812190825/tools/compiler/bin/../lib/gcc/arm-none-eabi/7.3.1/../../../../arm-none-eabi/lib/thumb/v7e-m/fpv4-sp/hard/crt0.o
 .ARM.exidx     0x00000000        0x8 c:/tools/ac6/systemworkbench/plugins/fr.ac6.mcu.externaltools.arm-none.win32_1.17.0.201812190825/tools/compiler/bin/../lib/gcc/arm-none-eabi/7.3.1/../../../../arm-none-eabi/lib/thumb/v7e-m/fpv4-sp/hard/crt0.o
 .ARM.attributes
                0x00000000       0x20 c:/tools/ac6/systemworkbench/plugins/fr.ac6.mcu.externaltools.arm-none.win32_1.17.0.201812190825/tools/compiler/bin/../lib/gcc/arm-none-eabi/7.3.1/../../../../arm-none-eabi/lib/thumb/v7e-m/fpv4-sp/hard/crt0.o
 .group         0x00000000        0x8 src/accelerometer_lis302.o
 .group         0x00000000        0xc src/accelerometer_lis302.o
 .group         0x00000000        0xc src/accelerometer_lis302.o
 .group         0x00000000        0xc src/accelerometer_lis302.o
 .group         0x00000000        0xc src/accelerometer_lis302.o
 .group         0x00000000        0xc src/accelerometer_lis302.o
 .group         0x00000000        0xc src/accelerometer_lis302.o
 .group         0x00000000        0xc src/accelerometer_lis302.o
 .group         0x00000000        0xc src/accelerometer_lis302.o
 .group         0x00000000        0xc src/accelerometer_lis302.o
 .group         0x00000000        0xc src/accelerometer_lis302.o
 .group         0x00000000        0xc src/accelerometer_lis302.o
 .group         0x00000000        0xc src/accelerometer_lis302.o
 .group         0x00000000        0xc src/accelerometer_lis302.o
 .group         0x00000000        0xc src/accelerometer_lis302.o
 .group         0x00000000        0xc src/accelerometer_lis302.o
 .group         0x00000000        0xc src/accelerometer_lis302.o
 .group         0x00000000        0xc src/accelerometer_lis302.o
 .group         0x00000000        0xc src/accelerometer_lis302.o
 .group         0x00000000        0xc src/accelerometer_lis302.o
 .group         0x00000000        0xc src/accelerometer_lis302.o
 .group         0x00000000        0xc src/accelerometer_lis302.o
 .group         0x00000000        0xc src/accelerometer_lis302.o
 .group         0x00000000        0xc src/accelerometer_lis302.o
 .group         0x00000000        0xc src/accelerometer_lis302.o
 .group         0x00000000        0xc src/accelerometer_lis302.o
 .group         0x00000000        0xc src/accelerometer_lis302.o
 .group         0x00000000        0xc src/accelerometer_lis302.o
 .group         0x00000000        0xc src/accelerometer_lis302.o
 .group         0x00000000        0xc src/accelerometer_lis302.o
 .group         0x00000000        0xc src/accelerometer_lis302.o
 .group         0x00000000        0xc src/accelerometer_lis302.o
 .group         0x00000000        0xc src/accelerometer_lis302.o
 .group         0x00000000        0xc src/accelerometer_lis302.o
 .group         0x00000000        0xc src/accelerometer_lis302.o
 .group         0x00000000        0xc src/accelerometer_lis302.o
 .group         0x00000000        0xc src/accelerometer_lis302.o
 .group         0x00000000        0xc src/accelerometer_lis302.o
 .text          0x00000000        0x0 src/accelerometer_lis302.o
 .data          0x00000000        0x0 src/accelerometer_lis302.o
 .bss           0x00000000        0x0 src/accelerometer_lis302.o
 .group         0x00000000        0x8 src/common.o
 .group         0x00000000        0xc src/common.o
 .group         0x00000000        0xc src/common.o
 .group         0x00000000        0x8 src/common.o
 .group         0x00000000        0x8 src/common.o
 .group         0x00000000        0xc src/common.o
 .group         0x00000000        0x8 src/common.o
 .group         0x00000000        0x8 src/common.o
 .group         0x00000000        0x8 src/common.o
 .group         0x00000000        0xc src/common.o
 .group         0x00000000        0xc src/common.o
 .group         0x00000000        0xc src/common.o
 .group         0x00000000        0xc src/common.o
 .group         0x00000000        0xc src/common.o
 .group         0x00000000        0xc src/common.o
 .group         0x00000000        0xc src/common.o
 .group         0x00000000        0xc src/common.o
 .group         0x00000000        0xc src/common.o
 .group         0x00000000        0xc src/common.o
 .group         0x00000000        0xc src/common.o
 .group         0x00000000        0xc src/common.o
 .group         0x00000000        0xc src/common.o
 .group         0x00000000        0xc src/common.o
 .group         0x00000000        0xc src/common.o
 .group         0x00000000        0xc src/common.o
 .group         0x00000000        0xc src/common.o
 .group         0x00000000        0xc src/common.o
 .group         0x00000000        0xc src/common.o
 .group         0x00000000        0xc src/common.o
 .group         0x00000000        0xc src/common.o
 .group         0x00000000        0xc src/common.o
 .group         0x00000000        0xc src/common.o
 .group         0x00000000        0xc src/common.o
 .group         0x00000000        0xc src/common.o
 .group         0x00000000        0xc src/common.o
 .group         0x00000000        0xc src/common.o
 .group         0x00000000        0xc src/common.o
 .group         0x00000000        0xc src/common.o
 .group         0x00000000        0xc src/common.o
 .group         0x00000000        0xc src/common.o
 .group         0x00000000        0xc src/common.o
 .group         0x00000000        0xc src/common.o
 .group         0x00000000        0xc src/common.o
 .group         0x00000000        0xc src/common.o
 .group         0x00000000        0xc src/common.o
 .group         0x00000000        0xc src/common.o
 .group         0x00000000        0xc src/common.o
 .group         0x00000000        0xc src/common.o
 .group         0x00000000        0xc src/common.o
 .text          0x00000000        0x0 src/common.o
 .data          0x00000000        0x0 src/common.o
 .bss           0x00000000        0x0 src/common.o
 .text._ZN19AccelerometerLIS3026SPI_CSEv
                0x00000000       0x14 src/common.o
 .text._ZN26UartCommunicationInterface6IrqDmaEv
                0x00000000       0x44 src/common.o
 .text._ZN26UartCommunicationInterface5IrqTxEv
                0x00000000       0x48 src/common.o
 .text._Z5Delaym
                0x00000000       0x2a src/common.o
 .text.DMA1_Stream6_IRQHandler
                0x00000000       0x1c src/common.o
 .text.USART2_IRQHandler
                0x00000000       0x1c src/common.o
 .debug_macro   0x00000000      0xb1a src/common.o
 .debug_macro   0x00000000       0x1c src/common.o
 .debug_macro   0x00000000       0x22 src/common.o
 .debug_macro   0x00000000       0x56 src/common.o
 .debug_macro   0x00000000       0x51 src/common.o
 .debug_macro   0x00000000       0xef src/common.o
 .debug_macro   0x00000000       0x6a src/common.o
 .debug_macro   0x00000000      0x1df src/common.o
 .debug_macro   0x00000000       0x65 src/common.o
 .debug_macro   0x00000000       0x3b src/common.o
 .debug_macro   0x00000000       0x34 src/common.o
 .debug_macro   0x00000000       0x26 src/common.o
 .debug_macro   0x00000000      0xe43 src/common.o
 .debug_macro   0x00000000     0x91de src/common.o
 .debug_macro   0x00000000       0x46 src/common.o
 .debug_macro   0x00000000      0x168 src/common.o
 .debug_macro   0x00000000       0x10 src/common.o
 .debug_macro   0x00000000      0x3f4 src/common.o
 .debug_macro   0x00000000       0x18 src/common.o
 .debug_macro   0x00000000       0x5e src/common.o
 .debug_macro   0x00000000       0x18 src/common.o
 .debug_macro   0x00000000       0x35 src/common.o
 .debug_macro   0x00000000       0x34 src/common.o
 .debug_macro   0x00000000      0x17b src/common.o
 .debug_macro   0x00000000       0x58 src/common.o
 .debug_macro   0x00000000       0x1f src/common.o
 .debug_macro   0x00000000       0x43 src/common.o
 .debug_macro   0x00000000       0x20 src/common.o
 .debug_macro   0x00000000      0x18e src/common.o
 .debug_macro   0x00000000      0x353 src/common.o
 .debug_macro   0x00000000       0xd7 src/common.o
 .debug_macro   0x00000000       0x10 src/common.o
 .debug_macro   0x00000000       0x16 src/common.o
 .debug_macro   0x00000000       0x35 src/common.o
 .debug_macro   0x00000000       0x22 src/common.o
 .debug_macro   0x00000000       0x10 src/common.o
 .debug_macro   0x00000000      0x3c7 src/common.o
 .group         0x00000000        0x8 src/main.o
 .group         0x00000000        0xc src/main.o
 .group         0x00000000        0xc src/main.o
 .group         0x00000000        0x8 src/main.o
 .group         0x00000000        0x8 src/main.o
 .group         0x00000000        0xc src/main.o
 .group         0x00000000        0xc src/main.o
 .group         0x00000000        0xc src/main.o
 .group         0x00000000        0xc src/main.o
 .group         0x00000000        0x8 src/main.o
 .group         0x00000000        0x8 src/main.o
 .group         0x00000000        0xc src/main.o
 .group         0x00000000        0xc src/main.o
 .group         0x00000000        0xc src/main.o
 .group         0x00000000        0x8 src/main.o
 .group         0x00000000        0x8 src/main.o
 .group         0x00000000        0xc src/main.o
 .group         0x00000000        0x8 src/main.o
 .group         0x00000000        0xc src/main.o
 .group         0x00000000        0xc src/main.o
 .group         0x00000000        0xc src/main.o
 .group         0x00000000        0xc src/main.o
 .group         0x00000000        0xc src/main.o
 .group         0x00000000        0xc src/main.o
 .group         0x00000000        0xc src/main.o
 .group         0x00000000        0xc src/main.o
 .group         0x00000000        0xc src/main.o
 .group         0x00000000        0xc src/main.o
 .group         0x00000000        0xc src/main.o
 .group         0x00000000        0xc src/main.o
 .group         0x00000000        0xc src/main.o
 .group         0x00000000        0xc src/main.o
 .group         0x00000000        0xc src/main.o
 .group         0x00000000        0xc src/main.o
 .group         0x00000000        0xc src/main.o
 .group         0x00000000        0xc src/main.o
 .group         0x00000000        0xc src/main.o
 .group         0x00000000        0xc src/main.o
 .group         0x00000000        0xc src/main.o
 .group         0x00000000        0xc src/main.o
 .group         0x00000000        0xc src/main.o
 .group         0x00000000        0xc src/main.o
 .group         0x00000000        0xc src/main.o
 .group         0x00000000        0xc src/main.o
 .group         0x00000000        0xc src/main.o
 .group         0x00000000        0xc src/main.o
 .group         0x00000000        0xc src/main.o
 .group         0x00000000        0xc src/main.o
 .group         0x00000000        0xc src/main.o
 .group         0x00000000        0xc src/main.o
 .group         0x00000000        0xc src/main.o
 .group         0x00000000        0xc src/main.o
 .group         0x00000000        0xc src/main.o
 .group         0x00000000        0xc src/main.o
 .group         0x00000000        0xc src/main.o
 .group         0x00000000        0xc src/main.o
 .group         0x00000000        0xc src/main.o
 .text          0x00000000        0x0 src/main.o
 .data          0x00000000        0x0 src/main.o
 .text._ZN19AccelerometerLIS3026SPI_CSEv
                0x00000000       0x14 src/main.o
 .debug_macro   0x00000000      0xb1a src/main.o
 .debug_macro   0x00000000       0x1c src/main.o
 .debug_macro   0x00000000       0x22 src/main.o
 .debug_macro   0x00000000       0x56 src/main.o
 .debug_macro   0x00000000       0x51 src/main.o
 .debug_macro   0x00000000       0xef src/main.o
 .debug_macro   0x00000000       0x6a src/main.o
 .debug_macro   0x00000000      0x1df src/main.o
 .debug_macro   0x00000000       0x65 src/main.o
 .debug_macro   0x00000000       0x3b src/main.o
 .debug_macro   0x00000000       0x34 src/main.o
 .debug_macro   0x00000000       0x26 src/main.o
 .debug_macro   0x00000000      0xe43 src/main.o
 .debug_macro   0x00000000     0x91de src/main.o
 .debug_macro   0x00000000       0x46 src/main.o
 .debug_macro   0x00000000      0x168 src/main.o
 .debug_macro   0x00000000       0x10 src/main.o
 .debug_macro   0x00000000      0x3f4 src/main.o
 .debug_macro   0x00000000       0x18 src/main.o
 .debug_macro   0x00000000       0x5e src/main.o
 .debug_macro   0x00000000       0x18 src/main.o
 .debug_macro   0x00000000       0x35 src/main.o
 .debug_macro   0x00000000       0x34 src/main.o
 .debug_macro   0x00000000      0x17b src/main.o
 .debug_macro   0x00000000       0x58 src/main.o
 .debug_macro   0x00000000       0x1f src/main.o
 .debug_macro   0x00000000       0x43 src/main.o
 .debug_macro   0x00000000       0x20 src/main.o
 .debug_macro   0x00000000      0x18e src/main.o
 .debug_macro   0x00000000      0x353 src/main.o
 .debug_macro   0x00000000       0xd7 src/main.o
 .debug_macro   0x00000000       0x10 src/main.o
 .debug_macro   0x00000000       0x16 src/main.o
 .debug_macro   0x00000000       0x35 src/main.o
 .debug_macro   0x00000000       0x22 src/main.o
 .debug_macro   0x00000000       0x10 src/main.o
 .debug_macro   0x00000000      0x3c7 src/main.o
 .debug_macro   0x00000000       0x16 src/main.o
 .debug_macro   0x00000000       0x10 src/main.o
 .group         0x00000000        0xc src/rangefinder_2y0a21.o
 .group         0x00000000        0xc src/rangefinder_2y0a21.o
 .group         0x00000000        0xc src/rangefinder_2y0a21.o
 .group         0x00000000        0xc src/rangefinder_2y0a21.o
 .group         0x00000000        0xc src/rangefinder_2y0a21.o
 .group         0x00000000        0xc src/rangefinder_2y0a21.o
 .group         0x00000000        0xc src/rangefinder_2y0a21.o
 .group         0x00000000        0xc src/rangefinder_2y0a21.o
 .group         0x00000000        0xc src/rangefinder_2y0a21.o
 .group         0x00000000        0xc src/rangefinder_2y0a21.o
 .group         0x00000000        0xc src/rangefinder_2y0a21.o
 .group         0x00000000        0xc src/rangefinder_2y0a21.o
 .group         0x00000000        0xc src/rangefinder_2y0a21.o
 .group         0x00000000        0xc src/rangefinder_2y0a21.o
 .text          0x00000000        0x0 src/rangefinder_2y0a21.o
 .data          0x00000000        0x0 src/rangefinder_2y0a21.o
 .bss           0x00000000        0x0 src/rangefinder_2y0a21.o
 .debug_macro   0x00000000      0xb1a src/rangefinder_2y0a21.o
 .debug_macro   0x00000000       0x65 src/rangefinder_2y0a21.o
 .debug_macro   0x00000000       0x3b src/rangefinder_2y0a21.o
 .debug_macro   0x00000000       0x1c src/rangefinder_2y0a21.o
 .debug_macro   0x00000000       0x22 src/rangefinder_2y0a21.o
 .debug_macro   0x00000000       0x56 src/rangefinder_2y0a21.o
 .debug_macro   0x00000000       0x51 src/rangefinder_2y0a21.o
 .debug_macro   0x00000000       0xef src/rangefinder_2y0a21.o
 .debug_macro   0x00000000       0x6a src/rangefinder_2y0a21.o
 .debug_macro   0x00000000      0x1df src/rangefinder_2y0a21.o
 .debug_macro   0x00000000       0x34 src/rangefinder_2y0a21.o
 .debug_macro   0x00000000       0x26 src/rangefinder_2y0a21.o
 .debug_macro   0x00000000      0xe43 src/rangefinder_2y0a21.o
 .debug_macro   0x00000000     0x91de src/rangefinder_2y0a21.o
 .group         0x00000000        0xc src/system_stm32f4xx.o
 .group         0x00000000        0xc src/system_stm32f4xx.o
 .group         0x00000000        0xc src/system_stm32f4xx.o
 .group         0x00000000        0xc src/system_stm32f4xx.o
 .group         0x00000000        0xc src/system_stm32f4xx.o
 .group         0x00000000        0xc src/system_stm32f4xx.o
 .group         0x00000000        0xc src/system_stm32f4xx.o
 .group         0x00000000        0xc src/system_stm32f4xx.o
 .group         0x00000000        0xc src/system_stm32f4xx.o
 .group         0x00000000        0xc src/system_stm32f4xx.o
 .group         0x00000000        0xc src/system_stm32f4xx.o
 .group         0x00000000        0xc src/system_stm32f4xx.o
 .group         0x00000000        0xc src/system_stm32f4xx.o
 .text          0x00000000        0x0 src/system_stm32f4xx.o
 .data          0x00000000       0x14 src/system_stm32f4xx.o
 .bss           0x00000000        0x0 src/system_stm32f4xx.o
 .text.SystemCoreClockUpdate
                0x00000000       0xf8 src/system_stm32f4xx.o
 .debug_macro   0x00000000       0x65 src/system_stm32f4xx.o
 .debug_macro   0x00000000       0x3b src/system_stm32f4xx.o
 .debug_macro   0x00000000       0x22 src/system_stm32f4xx.o
 .debug_macro   0x00000000       0x51 src/system_stm32f4xx.o
 .debug_macro   0x00000000       0xef src/system_stm32f4xx.o
 .debug_macro   0x00000000       0x6a src/system_stm32f4xx.o
 .debug_macro   0x00000000      0x1df src/system_stm32f4xx.o
 .debug_macro   0x00000000       0x34 src/system_stm32f4xx.o
 .debug_macro   0x00000000       0x26 src/system_stm32f4xx.o
 .debug_macro   0x00000000     0x91de src/system_stm32f4xx.o
 .group         0x00000000        0xc src/uart_communication_interface.o
 .group         0x00000000        0xc src/uart_communication_interface.o
 .group         0x00000000        0xc src/uart_communication_interface.o
 .group         0x00000000        0xc src/uart_communication_interface.o
 .group         0x00000000        0xc src/uart_communication_interface.o
 .group         0x00000000        0xc src/uart_communication_interface.o
 .group         0x00000000        0xc src/uart_communication_interface.o
 .group         0x00000000        0xc src/uart_communication_interface.o
 .group         0x00000000        0xc src/uart_communication_interface.o
 .group         0x00000000        0xc src/uart_communication_interface.o
 .group         0x00000000        0xc src/uart_communication_interface.o
 .group         0x00000000        0xc src/uart_communication_interface.o
 .group         0x00000000        0xc src/uart_communication_interface.o
 .group         0x00000000        0xc src/uart_communication_interface.o
 .group         0x00000000        0xc src/uart_communication_interface.o
 .group         0x00000000        0xc src/uart_communication_interface.o
 .group         0x00000000        0xc src/uart_communication_interface.o
 .group         0x00000000        0xc src/uart_communication_interface.o
 .group         0x00000000        0xc src/uart_communication_interface.o
 .group         0x00000000        0xc src/uart_communication_interface.o
 .group         0x00000000        0xc src/uart_communication_interface.o
 .group         0x00000000        0xc src/uart_communication_interface.o
 .group         0x00000000        0xc src/uart_communication_interface.o
 .group         0x00000000        0xc src/uart_communication_interface.o
 .group         0x00000000        0xc src/uart_communication_interface.o
 .group         0x00000000        0xc src/uart_communication_interface.o
 .group         0x00000000        0xc src/uart_communication_interface.o
 .group         0x00000000        0xc src/uart_communication_interface.o
 .text          0x00000000        0x0 src/uart_communication_interface.o
 .data          0x00000000        0x0 src/uart_communication_interface.o
 .bss           0x00000000        0x0 src/uart_communication_interface.o
 .debug_macro   0x00000000      0xb1a src/uart_communication_interface.o
 .debug_macro   0x00000000       0x65 src/uart_communication_interface.o
 .debug_macro   0x00000000       0x3b src/uart_communication_interface.o
 .debug_macro   0x00000000       0x1c src/uart_communication_interface.o
 .debug_macro   0x00000000       0x22 src/uart_communication_interface.o
 .debug_macro   0x00000000       0x56 src/uart_communication_interface.o
 .debug_macro   0x00000000       0x51 src/uart_communication_interface.o
 .debug_macro   0x00000000       0xef src/uart_communication_interface.o
 .debug_macro   0x00000000       0x6a src/uart_communication_interface.o
 .debug_macro   0x00000000      0x1df src/uart_communication_interface.o
 .debug_macro   0x00000000       0x34 src/uart_communication_interface.o
 .debug_macro   0x00000000       0x26 src/uart_communication_interface.o
 .debug_macro   0x00000000      0xe43 src/uart_communication_interface.o
 .debug_macro   0x00000000     0x91de src/uart_communication_interface.o
 .debug_macro   0x00000000       0x5e src/uart_communication_interface.o
 .debug_macro   0x00000000       0x18 src/uart_communication_interface.o
 .debug_macro   0x00000000       0x35 src/uart_communication_interface.o
 .debug_macro   0x00000000       0x34 src/uart_communication_interface.o
 .debug_macro   0x00000000      0x17b src/uart_communication_interface.o
 .debug_macro   0x00000000       0x58 src/uart_communication_interface.o
 .debug_macro   0x00000000       0x1f src/uart_communication_interface.o
 .debug_macro   0x00000000       0x43 src/uart_communication_interface.o
 .debug_macro   0x00000000       0x20 src/uart_communication_interface.o
 .debug_macro   0x00000000      0x18e src/uart_communication_interface.o
 .debug_macro   0x00000000      0x353 src/uart_communication_interface.o
 .debug_macro   0x00000000       0x35 src/uart_communication_interface.o
 .debug_macro   0x00000000       0x10 src/uart_communication_interface.o
 .text          0x00000000       0x14 startup/startup_stm32.o
 .data          0x00000000        0x0 startup/startup_stm32.o
 .bss           0x00000000        0x0 startup/startup_stm32.o
 .group         0x00000000        0xc startup/sysmem.o
 .group         0x00000000        0xc startup/sysmem.o
 .group         0x00000000        0xc startup/sysmem.o
 .group         0x00000000        0xc startup/sysmem.o
 .group         0x00000000        0xc startup/sysmem.o
 .group         0x00000000        0xc startup/sysmem.o
 .group         0x00000000        0xc startup/sysmem.o
 .group         0x00000000        0xc startup/sysmem.o
 .group         0x00000000        0xc startup/sysmem.o
 .group         0x00000000        0xc startup/sysmem.o
 .group         0x00000000        0xc startup/sysmem.o
 .group         0x00000000        0xc startup/sysmem.o
 .group         0x00000000        0xc startup/sysmem.o
 .group         0x00000000        0xc startup/sysmem.o
 .group         0x00000000        0xc startup/sysmem.o
 .group         0x00000000        0xc startup/sysmem.o
 .group         0x00000000        0xc startup/sysmem.o
 .group         0x00000000        0xc startup/sysmem.o
 .group         0x00000000        0xc startup/sysmem.o
 .group         0x00000000        0xc startup/sysmem.o
 .group         0x00000000        0xc startup/sysmem.o
 .group         0x00000000        0xc startup/sysmem.o
 .group         0x00000000        0xc startup/sysmem.o
 .group         0x00000000        0xc startup/sysmem.o
 .group         0x00000000        0xc startup/sysmem.o
 .group         0x00000000        0xc startup/sysmem.o
 .group         0x00000000        0xc startup/sysmem.o
 .group         0x00000000        0xc startup/sysmem.o
 .group         0x00000000        0xc startup/sysmem.o
 .group         0x00000000        0xc startup/sysmem.o
 .group         0x00000000        0xc startup/sysmem.o
 .group         0x00000000        0xc startup/sysmem.o
 .text          0x00000000        0x0 startup/sysmem.o
 .data          0x00000000        0x0 startup/sysmem.o
 .bss           0x00000000        0x4 startup/sysmem.o
 .text._sbrk    0x00000000       0x58 startup/sysmem.o
 .debug_info    0x00000000      0x92c startup/sysmem.o
 .debug_abbrev  0x00000000      0x1f1 startup/sysmem.o
 .debug_aranges
                0x00000000       0x20 startup/sysmem.o
 .debug_ranges  0x00000000       0x10 startup/sysmem.o
 .debug_macro   0x00000000      0x1ae startup/sysmem.o
 .debug_macro   0x00000000      0xa6c startup/sysmem.o
 .debug_macro   0x00000000       0x10 startup/sysmem.o
 .debug_macro   0x00000000       0x22 startup/sysmem.o
 .debug_macro   0x00000000       0x58 startup/sysmem.o
 .debug_macro   0x00000000       0x18 startup/sysmem.o
 .debug_macro   0x00000000       0x94 startup/sysmem.o
 .debug_macro   0x00000000       0x35 startup/sysmem.o
 .debug_macro   0x00000000       0x34 startup/sysmem.o
 .debug_macro   0x00000000      0x174 startup/sysmem.o
 .debug_macro   0x00000000       0x57 startup/sysmem.o
 .debug_macro   0x00000000       0x58 startup/sysmem.o
 .debug_macro   0x00000000       0x1f startup/sysmem.o
 .debug_macro   0x00000000       0x43 startup/sysmem.o
 .debug_macro   0x00000000       0x20 startup/sysmem.o
 .debug_macro   0x00000000      0x18e startup/sysmem.o
 .debug_macro   0x00000000      0x23b startup/sysmem.o
 .debug_macro   0x00000000       0x16 startup/sysmem.o
 .debug_macro   0x00000000       0x35 startup/sysmem.o
 .debug_macro   0x00000000      0x330 startup/sysmem.o
 .debug_macro   0x00000000       0x10 startup/sysmem.o
 .debug_macro   0x00000000       0x10 startup/sysmem.o
 .debug_macro   0x00000000       0x6a startup/sysmem.o
 .debug_macro   0x00000000       0x1c startup/sysmem.o
 .debug_macro   0x00000000       0x52 startup/sysmem.o
 .debug_macro   0x00000000       0x40 startup/sysmem.o
 .debug_macro   0x00000000       0x10 startup/sysmem.o
 .debug_macro   0x00000000       0x40 startup/sysmem.o
 .debug_macro   0x00000000       0xd7 startup/sysmem.o
 .debug_macro   0x00000000       0x1c startup/sysmem.o
 .debug_macro   0x00000000       0x3d startup/sysmem.o
 .debug_macro   0x00000000       0x16 startup/sysmem.o
 .debug_macro   0x00000000      0x16f startup/sysmem.o
 .debug_line    0x00000000      0x3fe startup/sysmem.o
 .debug_str     0x00000000     0x77d6 startup/sysmem.o
 .comment       0x00000000       0x80 startup/sysmem.o
 .debug_frame   0x00000000       0x34 startup/sysmem.o
 .ARM.attributes
                0x00000000       0x39 startup/sysmem.o
 .text          0x00000000        0x0 c:/tools/ac6/systemworkbench/plugins/fr.ac6.mcu.externaltools.arm-none.win32_1.17.0.201812190825/tools/compiler/bin/../lib/gcc/arm-none-eabi/7.3.1/../../../../arm-none-eabi/lib/thumb/v7e-m/fpv4-sp/hard\libc.a(lib_a-errno.o)
 .data          0x00000000        0x0 c:/tools/ac6/systemworkbench/plugins/fr.ac6.mcu.externaltools.arm-none.win32_1.17.0.201812190825/tools/compiler/bin/../lib/gcc/arm-none-eabi/7.3.1/../../../../arm-none-eabi/lib/thumb/v7e-m/fpv4-sp/hard\libc.a(lib_a-errno.o)
 .bss           0x00000000        0x0 c:/tools/ac6/systemworkbench/plugins/fr.ac6.mcu.externaltools.arm-none.win32_1.17.0.201812190825/tools/compiler/bin/../lib/gcc/arm-none-eabi/7.3.1/../../../../arm-none-eabi/lib/thumb/v7e-m/fpv4-sp/hard\libc.a(lib_a-errno.o)
 .text.__errno  0x00000000        0xc c:/tools/ac6/systemworkbench/plugins/fr.ac6.mcu.externaltools.arm-none.win32_1.17.0.201812190825/tools/compiler/bin/../lib/gcc/arm-none-eabi/7.3.1/../../../../arm-none-eabi/lib/thumb/v7e-m/fpv4-sp/hard\libc.a(lib_a-errno.o)
 .debug_frame   0x00000000       0x20 c:/tools/ac6/systemworkbench/plugins/fr.ac6.mcu.externaltools.arm-none.win32_1.17.0.201812190825/tools/compiler/bin/../lib/gcc/arm-none-eabi/7.3.1/../../../../arm-none-eabi/lib/thumb/v7e-m/fpv4-sp/hard\libc.a(lib_a-errno.o)
 .ARM.attributes
                0x00000000       0x34 c:/tools/ac6/systemworkbench/plugins/fr.ac6.mcu.externaltools.arm-none.win32_1.17.0.201812190825/tools/compiler/bin/../lib/gcc/arm-none-eabi/7.3.1/../../../../arm-none-eabi/lib/thumb/v7e-m/fpv4-sp/hard\libc.a(lib_a-errno.o)
 .text          0x00000000        0x0 c:/tools/ac6/systemworkbench/plugins/fr.ac6.mcu.externaltools.arm-none.win32_1.17.0.201812190825/tools/compiler/bin/../lib/gcc/arm-none-eabi/7.3.1/../../../../arm-none-eabi/lib/thumb/v7e-m/fpv4-sp/hard\libc.a(lib_a-exit.o)
 .data          0x00000000        0x0 c:/tools/ac6/systemworkbench/plugins/fr.ac6.mcu.externaltools.arm-none.win32_1.17.0.201812190825/tools/compiler/bin/../lib/gcc/arm-none-eabi/7.3.1/../../../../arm-none-eabi/lib/thumb/v7e-m/fpv4-sp/hard\libc.a(lib_a-exit.o)
 .bss           0x00000000        0x0 c:/tools/ac6/systemworkbench/plugins/fr.ac6.mcu.externaltools.arm-none.win32_1.17.0.201812190825/tools/compiler/bin/../lib/gcc/arm-none-eabi/7.3.1/../../../../arm-none-eabi/lib/thumb/v7e-m/fpv4-sp/hard\libc.a(lib_a-exit.o)
 .text.exit     0x00000000       0x20 c:/tools/ac6/systemworkbench/plugins/fr.ac6.mcu.externaltools.arm-none.win32_1.17.0.201812190825/tools/compiler/bin/../lib/gcc/arm-none-eabi/7.3.1/../../../../arm-none-eabi/lib/thumb/v7e-m/fpv4-sp/hard\libc.a(lib_a-exit.o)
 .debug_frame   0x00000000       0x28 c:/tools/ac6/systemworkbench/plugins/fr.ac6.mcu.externaltools.arm-none.win32_1.17.0.201812190825/tools/compiler/bin/../lib/gcc/arm-none-eabi/7.3.1/../../../../arm-none-eabi/lib/thumb/v7e-m/fpv4-sp/hard\libc.a(lib_a-exit.o)
 .ARM.attributes
                0x00000000       0x34 c:/tools/ac6/systemworkbench/plugins/fr.ac6.mcu.externaltools.arm-none.win32_1.17.0.201812190825/tools/compiler/bin/../lib/gcc/arm-none-eabi/7.3.1/../../../../arm-none-eabi/lib/thumb/v7e-m/fpv4-sp/hard\libc.a(lib_a-exit.o)
 .text          0x00000000        0x0 c:/tools/ac6/systemworkbench/plugins/fr.ac6.mcu.externaltools.arm-none.win32_1.17.0.201812190825/tools/compiler/bin/../lib/gcc/arm-none-eabi/7.3.1/../../../../arm-none-eabi/lib/thumb/v7e-m/fpv4-sp/hard\libc.a(lib_a-impure.o)
 .data          0x00000000        0x0 c:/tools/ac6/systemworkbench/plugins/fr.ac6.mcu.externaltools.arm-none.win32_1.17.0.201812190825/tools/compiler/bin/../lib/gcc/arm-none-eabi/7.3.1/../../../../arm-none-eabi/lib/thumb/v7e-m/fpv4-sp/hard\libc.a(lib_a-impure.o)
 .bss           0x00000000        0x0 c:/tools/ac6/systemworkbench/plugins/fr.ac6.mcu.externaltools.arm-none.win32_1.17.0.201812190825/tools/compiler/bin/../lib/gcc/arm-none-eabi/7.3.1/../../../../arm-none-eabi/lib/thumb/v7e-m/fpv4-sp/hard\libc.a(lib_a-impure.o)
 .data._impure_ptr
                0x00000000        0x4 c:/tools/ac6/systemworkbench/plugins/fr.ac6.mcu.externaltools.arm-none.win32_1.17.0.201812190825/tools/compiler/bin/../lib/gcc/arm-none-eabi/7.3.1/../../../../arm-none-eabi/lib/thumb/v7e-m/fpv4-sp/hard\libc.a(lib_a-impure.o)
 .text          0x00000000        0x0 c:/tools/ac6/systemworkbench/plugins/fr.ac6.mcu.externaltools.arm-none.win32_1.17.0.201812190825/tools/compiler/bin/../lib/gcc/arm-none-eabi/7.3.1/../../../../arm-none-eabi/lib/thumb/v7e-m/fpv4-sp/hard\libc.a(lib_a-init.o)
 .data          0x00000000        0x0 c:/tools/ac6/systemworkbench/plugins/fr.ac6.mcu.externaltools.arm-none.win32_1.17.0.201812190825/tools/compiler/bin/../lib/gcc/arm-none-eabi/7.3.1/../../../../arm-none-eabi/lib/thumb/v7e-m/fpv4-sp/hard\libc.a(lib_a-init.o)
 .bss           0x00000000        0x0 c:/tools/ac6/systemworkbench/plugins/fr.ac6.mcu.externaltools.arm-none.win32_1.17.0.201812190825/tools/compiler/bin/../lib/gcc/arm-none-eabi/7.3.1/../../../../arm-none-eabi/lib/thumb/v7e-m/fpv4-sp/hard\libc.a(lib_a-init.o)
 .data          0x00000000        0x0 c:/tools/ac6/systemworkbench/plugins/fr.ac6.mcu.externaltools.arm-none.win32_1.17.0.201812190825/tools/compiler/bin/../lib/gcc/arm-none-eabi/7.3.1/../../../../arm-none-eabi/lib/thumb/v7e-m/fpv4-sp/hard\libc.a(lib_a-memcpy.o)
 .bss           0x00000000        0x0 c:/tools/ac6/systemworkbench/plugins/fr.ac6.mcu.externaltools.arm-none.win32_1.17.0.201812190825/tools/compiler/bin/../lib/gcc/arm-none-eabi/7.3.1/../../../../arm-none-eabi/lib/thumb/v7e-m/fpv4-sp/hard\libc.a(lib_a-memcpy.o)
 .text          0x00000000        0x0 c:/tools/ac6/systemworkbench/plugins/fr.ac6.mcu.externaltools.arm-none.win32_1.17.0.201812190825/tools/compiler/bin/../lib/gcc/arm-none-eabi/7.3.1/../../../../arm-none-eabi/lib/thumb/v7e-m/fpv4-sp/hard\libc.a(lib_a-memset.o)
 .data          0x00000000        0x0 c:/tools/ac6/systemworkbench/plugins/fr.ac6.mcu.externaltools.arm-none.win32_1.17.0.201812190825/tools/compiler/bin/../lib/gcc/arm-none-eabi/7.3.1/../../../../arm-none-eabi/lib/thumb/v7e-m/fpv4-sp/hard\libc.a(lib_a-memset.o)
 .bss           0x00000000        0x0 c:/tools/ac6/systemworkbench/plugins/fr.ac6.mcu.externaltools.arm-none.win32_1.17.0.201812190825/tools/compiler/bin/../lib/gcc/arm-none-eabi/7.3.1/../../../../arm-none-eabi/lib/thumb/v7e-m/fpv4-sp/hard\libc.a(lib_a-memset.o)
 .text.memset   0x00000000       0x94 c:/tools/ac6/systemworkbench/plugins/fr.ac6.mcu.externaltools.arm-none.win32_1.17.0.201812190825/tools/compiler/bin/../lib/gcc/arm-none-eabi/7.3.1/../../../../arm-none-eabi/lib/thumb/v7e-m/fpv4-sp/hard\libc.a(lib_a-memset.o)
 .debug_frame   0x00000000       0x38 c:/tools/ac6/systemworkbench/plugins/fr.ac6.mcu.externaltools.arm-none.win32_1.17.0.201812190825/tools/compiler/bin/../lib/gcc/arm-none-eabi/7.3.1/../../../../arm-none-eabi/lib/thumb/v7e-m/fpv4-sp/hard\libc.a(lib_a-memset.o)
 .ARM.attributes
                0x00000000       0x34 c:/tools/ac6/systemworkbench/plugins/fr.ac6.mcu.externaltools.arm-none.win32_1.17.0.201812190825/tools/compiler/bin/../lib/gcc/arm-none-eabi/7.3.1/../../../../arm-none-eabi/lib/thumb/v7e-m/fpv4-sp/hard\libc.a(lib_a-memset.o)
 .text          0x00000000        0x0 c:/tools/ac6/systemworkbench/plugins/fr.ac6.mcu.externaltools.arm-none.win32_1.17.0.201812190825/tools/compiler/bin/../lib/gcc/arm-none-eabi/7.3.1/../../../../arm-none-eabi/lib/thumb/v7e-m/fpv4-sp/hard\libc.a(lib_a-__call_atexit.o)
 .data          0x00000000        0x0 c:/tools/ac6/systemworkbench/plugins/fr.ac6.mcu.externaltools.arm-none.win32_1.17.0.201812190825/tools/compiler/bin/../lib/gcc/arm-none-eabi/7.3.1/../../../../arm-none-eabi/lib/thumb/v7e-m/fpv4-sp/hard\libc.a(lib_a-__call_atexit.o)
 .bss           0x00000000        0x0 c:/tools/ac6/systemworkbench/plugins/fr.ac6.mcu.externaltools.arm-none.win32_1.17.0.201812190825/tools/compiler/bin/../lib/gcc/arm-none-eabi/7.3.1/../../../../arm-none-eabi/lib/thumb/v7e-m/fpv4-sp/hard\libc.a(lib_a-__call_atexit.o)
 .text.__call_exitprocs
                0x00000000       0xe8 c:/tools/ac6/systemworkbench/plugins/fr.ac6.mcu.externaltools.arm-none.win32_1.17.0.201812190825/tools/compiler/bin/../lib/gcc/arm-none-eabi/7.3.1/../../../../arm-none-eabi/lib/thumb/v7e-m/fpv4-sp/hard\libc.a(lib_a-__call_atexit.o)
 .text          0x00000000        0x0 c:/tools/ac6/systemworkbench/plugins/fr.ac6.mcu.externaltools.arm-none.win32_1.17.0.201812190825/tools/compiler/bin/../lib/gcc/arm-none-eabi/7.3.1/../../../../arm-none-eabi/lib/thumb/v7e-m/fpv4-sp/hard\libc.a(lib_a-atexit.o)
 .data          0x00000000        0x0 c:/tools/ac6/systemworkbench/plugins/fr.ac6.mcu.externaltools.arm-none.win32_1.17.0.201812190825/tools/compiler/bin/../lib/gcc/arm-none-eabi/7.3.1/../../../../arm-none-eabi/lib/thumb/v7e-m/fpv4-sp/hard\libc.a(lib_a-atexit.o)
 .bss           0x00000000        0x0 c:/tools/ac6/systemworkbench/plugins/fr.ac6.mcu.externaltools.arm-none.win32_1.17.0.201812190825/tools/compiler/bin/../lib/gcc/arm-none-eabi/7.3.1/../../../../arm-none-eabi/lib/thumb/v7e-m/fpv4-sp/hard\libc.a(lib_a-atexit.o)
 .text          0x00000000        0x0 c:/tools/ac6/systemworkbench/plugins/fr.ac6.mcu.externaltools.arm-none.win32_1.17.0.201812190825/tools/compiler/bin/../lib/gcc/arm-none-eabi/7.3.1/../../../../arm-none-eabi/lib/thumb/v7e-m/fpv4-sp/hard\libc.a(lib_a-fini.o)
 .data          0x00000000        0x0 c:/tools/ac6/systemworkbench/plugins/fr.ac6.mcu.externaltools.arm-none.win32_1.17.0.201812190825/tools/compiler/bin/../lib/gcc/arm-none-eabi/7.3.1/../../../../arm-none-eabi/lib/thumb/v7e-m/fpv4-sp/hard\libc.a(lib_a-fini.o)
 .bss           0x00000000        0x0 c:/tools/ac6/systemworkbench/plugins/fr.ac6.mcu.externaltools.arm-none.win32_1.17.0.201812190825/tools/compiler/bin/../lib/gcc/arm-none-eabi/7.3.1/../../../../arm-none-eabi/lib/thumb/v7e-m/fpv4-sp/hard\libc.a(lib_a-fini.o)
 .text          0x00000000        0x0 c:/tools/ac6/systemworkbench/plugins/fr.ac6.mcu.externaltools.arm-none.win32_1.17.0.201812190825/tools/compiler/bin/../lib/gcc/arm-none-eabi/7.3.1/../../../../arm-none-eabi/lib/thumb/v7e-m/fpv4-sp/hard\libc.a(lib_a-lock.o)
 .data          0x00000000        0x0 c:/tools/ac6/systemworkbench/plugins/fr.ac6.mcu.externaltools.arm-none.win32_1.17.0.201812190825/tools/compiler/bin/../lib/gcc/arm-none-eabi/7.3.1/../../../../arm-none-eabi/lib/thumb/v7e-m/fpv4-sp/hard\libc.a(lib_a-lock.o)
 .bss           0x00000000        0x0 c:/tools/ac6/systemworkbench/plugins/fr.ac6.mcu.externaltools.arm-none.win32_1.17.0.201812190825/tools/compiler/bin/../lib/gcc/arm-none-eabi/7.3.1/../../../../arm-none-eabi/lib/thumb/v7e-m/fpv4-sp/hard\libc.a(lib_a-lock.o)
 .text.__retarget_lock_init
                0x00000000        0x4 c:/tools/ac6/systemworkbench/plugins/fr.ac6.mcu.externaltools.arm-none.win32_1.17.0.201812190825/tools/compiler/bin/../lib/gcc/arm-none-eabi/7.3.1/../../../../arm-none-eabi/lib/thumb/v7e-m/fpv4-sp/hard\libc.a(lib_a-lock.o)
 .text.__retarget_lock_init_recursive
                0x00000000        0x4 c:/tools/ac6/systemworkbench/plugins/fr.ac6.mcu.externaltools.arm-none.win32_1.17.0.201812190825/tools/compiler/bin/../lib/gcc/arm-none-eabi/7.3.1/../../../../arm-none-eabi/lib/thumb/v7e-m/fpv4-sp/hard\libc.a(lib_a-lock.o)
 .text.__retarget_lock_close
                0x00000000        0x4 c:/tools/ac6/systemworkbench/plugins/fr.ac6.mcu.externaltools.arm-none.win32_1.17.0.201812190825/tools/compiler/bin/../lib/gcc/arm-none-eabi/7.3.1/../../../../arm-none-eabi/lib/thumb/v7e-m/fpv4-sp/hard\libc.a(lib_a-lock.o)
 .text.__retarget_lock_close_recursive
                0x00000000        0x4 c:/tools/ac6/systemworkbench/plugins/fr.ac6.mcu.externaltools.arm-none.win32_1.17.0.201812190825/tools/compiler/bin/../lib/gcc/arm-none-eabi/7.3.1/../../../../arm-none-eabi/lib/thumb/v7e-m/fpv4-sp/hard\libc.a(lib_a-lock.o)
 .text.__retarget_lock_acquire
                0x00000000        0x4 c:/tools/ac6/systemworkbench/plugins/fr.ac6.mcu.externaltools.arm-none.win32_1.17.0.201812190825/tools/compiler/bin/../lib/gcc/arm-none-eabi/7.3.1/../../../../arm-none-eabi/lib/thumb/v7e-m/fpv4-sp/hard\libc.a(lib_a-lock.o)
 .text.__retarget_lock_try_acquire
                0x00000000        0x4 c:/tools/ac6/systemworkbench/plugins/fr.ac6.mcu.externaltools.arm-none.win32_1.17.0.201812190825/tools/compiler/bin/../lib/gcc/arm-none-eabi/7.3.1/../../../../arm-none-eabi/lib/thumb/v7e-m/fpv4-sp/hard\libc.a(lib_a-lock.o)
 .text.__retarget_lock_try_acquire_recursive
                0x00000000        0x4 c:/tools/ac6/systemworkbench/plugins/fr.ac6.mcu.externaltools.arm-none.win32_1.17.0.201812190825/tools/compiler/bin/../lib/gcc/arm-none-eabi/7.3.1/../../../../arm-none-eabi/lib/thumb/v7e-m/fpv4-sp/hard\libc.a(lib_a-lock.o)
 .text.__retarget_lock_release
                0x00000000        0x4 c:/tools/ac6/systemworkbench/plugins/fr.ac6.mcu.externaltools.arm-none.win32_1.17.0.201812190825/tools/compiler/bin/../lib/gcc/arm-none-eabi/7.3.1/../../../../arm-none-eabi/lib/thumb/v7e-m/fpv4-sp/hard\libc.a(lib_a-lock.o)
 .text          0x00000000        0x0 c:/tools/ac6/systemworkbench/plugins/fr.ac6.mcu.externaltools.arm-none.win32_1.17.0.201812190825/tools/compiler/bin/../lib/gcc/arm-none-eabi/7.3.1/../../../../arm-none-eabi/lib/thumb/v7e-m/fpv4-sp/hard\libc.a(lib_a-__atexit.o)
 .data          0x00000000        0x0 c:/tools/ac6/systemworkbench/plugins/fr.ac6.mcu.externaltools.arm-none.win32_1.17.0.201812190825/tools/compiler/bin/../lib/gcc/arm-none-eabi/7.3.1/../../../../arm-none-eabi/lib/thumb/v7e-m/fpv4-sp/hard\libc.a(lib_a-__atexit.o)
 .bss           0x00000000        0x0 c:/tools/ac6/systemworkbench/plugins/fr.ac6.mcu.externaltools.arm-none.win32_1.17.0.201812190825/tools/compiler/bin/../lib/gcc/arm-none-eabi/7.3.1/../../../../arm-none-eabi/lib/thumb/v7e-m/fpv4-sp/hard\libc.a(lib_a-__atexit.o)
 .text          0x00000000        0x0 c:/tools/ac6/systemworkbench/plugins/fr.ac6.mcu.externaltools.arm-none.win32_1.17.0.201812190825/tools/compiler/bin/../lib/gcc/arm-none-eabi/7.3.1/thumb/v7e-m/fpv4-sp/hard/crtend.o
 .data          0x00000000        0x0 c:/tools/ac6/systemworkbench/plugins/fr.ac6.mcu.externaltools.arm-none.win32_1.17.0.201812190825/tools/compiler/bin/../lib/gcc/arm-none-eabi/7.3.1/thumb/v7e-m/fpv4-sp/hard/crtend.o
 .bss           0x00000000        0x0 c:/tools/ac6/systemworkbench/plugins/fr.ac6.mcu.externaltools.arm-none.win32_1.17.0.201812190825/tools/compiler/bin/../lib/gcc/arm-none-eabi/7.3.1/thumb/v7e-m/fpv4-sp/hard/crtend.o
 .eh_frame      0x00000000        0x4 c:/tools/ac6/systemworkbench/plugins/fr.ac6.mcu.externaltools.arm-none.win32_1.17.0.201812190825/tools/compiler/bin/../lib/gcc/arm-none-eabi/7.3.1/thumb/v7e-m/fpv4-sp/hard/crtend.o
 .ARM.attributes
                0x00000000       0x34 c:/tools/ac6/systemworkbench/plugins/fr.ac6.mcu.externaltools.arm-none.win32_1.17.0.201812190825/tools/compiler/bin/../lib/gcc/arm-none-eabi/7.3.1/thumb/v7e-m/fpv4-sp/hard/crtend.o
 .text          0x00000000        0x0 c:/tools/ac6/systemworkbench/plugins/fr.ac6.mcu.externaltools.arm-none.win32_1.17.0.201812190825/tools/compiler/bin/../lib/gcc/arm-none-eabi/7.3.1/thumb/v7e-m/fpv4-sp/hard/crtn.o
 .data          0x00000000        0x0 c:/tools/ac6/systemworkbench/plugins/fr.ac6.mcu.externaltools.arm-none.win32_1.17.0.201812190825/tools/compiler/bin/../lib/gcc/arm-none-eabi/7.3.1/thumb/v7e-m/fpv4-sp/hard/crtn.o
 .bss           0x00000000        0x0 c:/tools/ac6/systemworkbench/plugins/fr.ac6.mcu.externaltools.arm-none.win32_1.17.0.201812190825/tools/compiler/bin/../lib/gcc/arm-none-eabi/7.3.1/thumb/v7e-m/fpv4-sp/hard/crtn.o

Memory Configuration

Name             Origin             Length             Attributes
RAM              0x20000000         0x00010000         xrw
ROM              0x08000000         0x00040000         xr
*default*        0x00000000         0xffffffff

Linker script and memory map

LOAD c:/tools/ac6/systemworkbench/plugins/fr.ac6.mcu.externaltools.arm-none.win32_1.17.0.201812190825/tools/compiler/bin/../lib/gcc/arm-none-eabi/7.3.1/thumb/v7e-m/fpv4-sp/hard/crti.o
LOAD c:/tools/ac6/systemworkbench/plugins/fr.ac6.mcu.externaltools.arm-none.win32_1.17.0.201812190825/tools/compiler/bin/../lib/gcc/arm-none-eabi/7.3.1/thumb/v7e-m/fpv4-sp/hard/crtbegin.o
LOAD c:/tools/ac6/systemworkbench/plugins/fr.ac6.mcu.externaltools.arm-none.win32_1.17.0.201812190825/tools/compiler/bin/../lib/gcc/arm-none-eabi/7.3.1/../../../../arm-none-eabi/lib/thumb/v7e-m/fpv4-sp/hard/crt0.o
LOAD src/accelerometer_lis302.o
LOAD src/common.o
LOAD src/main.o
LOAD src/rangefinder_2y0a21.o
LOAD src/system_stm32f4xx.o
LOAD src/uart_communication_interface.o
LOAD startup/startup_stm32.o
LOAD startup/sysmem.o
LOAD c:/tools/ac6/systemworkbench/plugins/fr.ac6.mcu.externaltools.arm-none.win32_1.17.0.201812190825/tools/compiler/bin/../lib/gcc/arm-none-eabi/7.3.1/../../../../arm-none-eabi/lib/thumb/v7e-m/fpv4-sp/hard\libstdc++.a
LOAD c:/tools/ac6/systemworkbench/plugins/fr.ac6.mcu.externaltools.arm-none.win32_1.17.0.201812190825/tools/compiler/bin/../lib/gcc/arm-none-eabi/7.3.1/../../../../arm-none-eabi/lib/thumb/v7e-m/fpv4-sp/hard\libm.a
START GROUP
LOAD c:/tools/ac6/systemworkbench/plugins/fr.ac6.mcu.externaltools.arm-none.win32_1.17.0.201812190825/tools/compiler/bin/../lib/gcc/arm-none-eabi/7.3.1/thumb/v7e-m/fpv4-sp/hard\libgcc.a
LOAD c:/tools/ac6/systemworkbench/plugins/fr.ac6.mcu.externaltools.arm-none.win32_1.17.0.201812190825/tools/compiler/bin/../lib/gcc/arm-none-eabi/7.3.1/../../../../arm-none-eabi/lib/thumb/v7e-m/fpv4-sp/hard\libc.a
END GROUP
LOAD c:/tools/ac6/systemworkbench/plugins/fr.ac6.mcu.externaltools.arm-none.win32_1.17.0.201812190825/tools/compiler/bin/../lib/gcc/arm-none-eabi/7.3.1/thumb/v7e-m/fpv4-sp/hard/crtend.o
LOAD c:/tools/ac6/systemworkbench/plugins/fr.ac6.mcu.externaltools.arm-none.win32_1.17.0.201812190825/tools/compiler/bin/../lib/gcc/arm-none-eabi/7.3.1/thumb/v7e-m/fpv4-sp/hard/crtn.o
                0x20010000                _estack = 0x20010000
                0x00000000                _Min_Heap_Size = 0x0
                0x00000400                _Min_Stack_Size = 0x400

.isr_vector     0x08000000      0x194
                0x08000000                . = ALIGN (0x4)
 *(.isr_vector)
 .isr_vector    0x08000000      0x194 startup/startup_stm32.o
                0x08000000                g_pfnVectors
                0x08000194                . = ALIGN (0x4)

.text           0x08000194     0x14fc
                0x08000194                . = ALIGN (0x4)
 *(.text)
 .text          0x08000194       0x40 c:/tools/ac6/systemworkbench/plugins/fr.ac6.mcu.externaltools.arm-none.win32_1.17.0.201812190825/tools/compiler/bin/../lib/gcc/arm-none-eabi/7.3.1/thumb/v7e-m/fpv4-sp/hard/crtbegin.o
 .text          0x080001d4      0x134 c:/tools/ac6/systemworkbench/plugins/fr.ac6.mcu.externaltools.arm-none.win32_1.17.0.201812190825/tools/compiler/bin/../lib/gcc/arm-none-eabi/7.3.1/../../../../arm-none-eabi/lib/thumb/v7e-m/fpv4-sp/hard\libc.a(lib_a-memcpy.o)
                0x080001d4                memcpy
 *(.text*)
 .text._ZN19AccelerometerLIS3026SPI_CSEv
                0x08000308       0x14 src/accelerometer_lis302.o
                0x08000308                AccelerometerLIS302::SPI_CS()
 .text._ZN19AccelerometerLIS3023FsmEt
                0x0800031c       0x70 src/accelerometer_lis302.o
                0x0800031c                AccelerometerLIS302::Fsm(unsigned short)
 .text._ZN19AccelerometerLIS30212HardwareInitEv
                0x0800038c       0x9c src/accelerometer_lis302.o
                0x0800038c                AccelerometerLIS302::HardwareInit()
 .text._ZN19AccelerometerLIS30214WriteReadStartEv
                0x08000428       0x30 src/common.o
                0x08000428                AccelerometerLIS302::WriteReadStart()
 .text._ZN19AccelerometerLIS3023IrqEv
                0x08000458       0x34 src/common.o
                0x08000458                AccelerometerLIS302::Irq()
 .text._ZN3Led5GreenEv
                0x0800048c       0x14 src/common.o
                0x0800048c                Led::Green()
 .text._ZN16Rangfinder2Y0A219ReadBlockEv
                0x080004a0       0xec src/common.o
                0x080004a0                Rangfinder2Y0A21::ReadBlock()
 .text._ZN16Rangfinder2Y0A2114PeriodicUpdateEv
                0x0800058c       0x70 src/common.o
                0x0800058c                Rangfinder2Y0A21::PeriodicUpdate()
 .text._ZN16Rangfinder2Y0A213IrqEv
                0x080005fc       0x2c src/common.o
                0x080005fc                Rangfinder2Y0A21::Irq()
 .text._ZN3App14PeriodicUpdateEv
                0x08000628       0x9a src/common.o
                0x08000628                App::PeriodicUpdate()
 *fill*         0x080006c2        0x2 
 .text.EXTI0_IRQHandler
                0x080006c4       0x1c src/common.o
                0x080006c4                EXTI0_IRQHandler
 .text.SPI1_IRQHandler
                0x080006e0       0x1c src/common.o
                0x080006e0                SPI1_IRQHandler
 .text.SysTick_Handler
                0x080006fc       0x18 src/common.o
                0x080006fc                SysTick_Handler
 .text.NVIC_EnableIRQ
                0x08000714       0x34 src/main.o
 .text.NVIC_SetPriority
                0x08000748       0x58 src/main.o
 .text.SysTick_Config
                0x080007a0       0x44 src/main.o
 .text._ZN19AccelerometerLIS30214WriteReadBlockEt
                0x080007e4       0x90 src/main.o
                0x080007e4                AccelerometerLIS302::WriteReadBlock(unsigned short)
 .text._ZN19AccelerometerLIS3024InitEv
                0x08000874       0x68 src/main.o
                0x08000874                AccelerometerLIS302::Init()
 .text._ZN19AccelerometerLIS3029ScaleDataEv
                0x080008dc       0x50 src/main.o
                0x080008dc                AccelerometerLIS302::ScaleData()
 .text._ZN3Led12HardwareInitEv
                0x0800092c       0x30 src/main.o
                0x0800092c                Led::HardwareInit()
 .text._ZN3Led4InitEv
                0x0800095c        0xc src/main.o
                0x0800095c                Led::Init()
 .text._ZN16Rangfinder2Y0A214InitEv
                0x08000968       0x2e src/main.o
                0x08000968                Rangfinder2Y0A21::Init()
 .text._ZN26UartCommunicationInterface12SendUserDataEPvt
                0x08000996       0x30 src/main.o
                0x08000996                UartCommunicationInterface::SendUserData(void*, unsigned short)
 .text._ZN26UartCommunicationInterface11GetUserDataEPvt
                0x080009c6       0x26 src/main.o
                0x080009c6                UartCommunicationInterface::GetUserData(void*, unsigned short)
 .text._ZN10Filter2IirC2EPf
                0x080009ec       0x90 src/main.o
                0x080009ec                Filter2Iir::Filter2Iir(float*)
                0x080009ec                Filter2Iir::Filter2Iir(float*)
 .text._ZN10Filter2IirclEf
                0x08000a7c      0x100 src/main.o
                0x08000a7c                Filter2Iir::operator()(float)
 .text._ZN3AppC2Ev
                0x08000b7c       0x68 src/main.o
                0x08000b7c                App::App()
                0x08000b7c                App::App()
 .text._ZN3App19GeneralHardwareInitEv
                0x08000be4       0x48 src/main.o
                0x08000be4                App::GeneralHardwareInit()
 .text._ZN3App4InitEv
                0x08000c2c       0x44 src/main.o
                0x08000c2c                App::Init()
 .text._ZN3App3RunEv
                0x08000c70       0xdc src/main.o
                0x08000c70                App::Run()
 .text.main     0x08000d4c       0x4c src/main.o
                0x08000d4c                main
 .text._ZN12DataRecorderILi2048EfEC2Ev
                0x08000d98       0x1c src/main.o
                0x08000d98                DataRecorder<2048, float>::DataRecorder()
                0x08000d98                DataRecorder<2048, float>::DataRecorder()
 .text._ZN16Rangfinder2Y0A2112HardwareInitEv
                0x08000db4      0x12c src/rangefinder_2y0a21.o
                0x08000db4                Rangfinder2Y0A21::HardwareInit()
 .text.SystemInit
                0x08000ee0       0x6c src/system_stm32f4xx.o
                0x08000ee0                SystemInit
 .text.SetSysClock
                0x08000f4c       0xf8 src/system_stm32f4xx.o
 .text._ZN26UartCommunicationInterface5CRC16EPKht
                0x08001044       0x60 src/uart_communication_interface.o
                0x08001044                UartCommunicationInterface::CRC16(unsigned char const*, unsigned short)
 .text._ZN26UartCommunicationInterface12HardwareInitEv
                0x080010a4       0xf0 src/uart_communication_interface.o
                0x080010a4                UartCommunicationInterface::HardwareInit()
 .text._ZN26UartCommunicationInterface4InitEv
                0x08001194       0x6c src/uart_communication_interface.o
                0x08001194                UartCommunicationInterface::Init()
 .text._ZN26UartCommunicationInterface4SendEt
                0x08001200       0xb4 src/uart_communication_interface.o
                0x08001200                UartCommunicationInterface::Send(unsigned short)
 .text._ZN26UartCommunicationInterface10CheckFrameEv
                0x080012b4       0x46 src/uart_communication_interface.o
                0x080012b4                UartCommunicationInterface::CheckFrame()
 *fill*         0x080012fa        0x2 
 .text._ZN26UartCommunicationInterface14PeriodicUpdateEv
                0x080012fc      0x1c4 src/uart_communication_interface.o
                0x080012fc                UartCommunicationInterface::PeriodicUpdate()
 .text.Reset_Handler
                0x080014c0       0x50 startup/startup_stm32.o
                0x080014c0                Reset_Handler
 .text.Default_Handler
                0x08001510        0x2 startup/startup_stm32.o
                0x08001510                RTC_Alarm_IRQHandler
                0x08001510                EXTI2_IRQHandler
                0x08001510                DebugMon_Handler
                0x08001510                SPI4_IRQHandler
                0x08001510                TIM1_CC_IRQHandler
                0x08001510                HardFault_Handler
                0x08001510                PVD_IRQHandler
                0x08001510                SDIO_IRQHandler
                0x08001510                TAMP_STAMP_IRQHandler
                0x08001510                PendSV_Handler
                0x08001510                NMI_Handler
                0x08001510                EXTI3_IRQHandler
                0x08001510                TIM1_UP_TIM10_IRQHandler
                0x08001510                I2C3_ER_IRQHandler
                0x08001510                I2C2_EV_IRQHandler
                0x08001510                FPU_IRQHandler
                0x08001510                UsageFault_Handler
                0x08001510                TIM1_BRK_TIM9_IRQHandler
                0x08001510                I2C1_EV_IRQHandler
                0x08001510                TIM3_IRQHandler
                0x08001510                RCC_IRQHandler
                0x08001510                Default_Handler
                0x08001510                EXTI15_10_IRQHandler
                0x08001510                ADC_IRQHandler
                0x08001510                I2C3_EV_IRQHandler
                0x08001510                EXTI9_5_IRQHandler
                0x08001510                RTC_WKUP_IRQHandler
                0x08001510                SPI2_IRQHandler
                0x08001510                MemManage_Handler
                0x08001510                SVC_Handler
                0x08001510                EXTI4_IRQHandler
                0x08001510                TIM2_IRQHandler
                0x08001510                OTG_FS_WKUP_IRQHandler
                0x08001510                TIM1_TRG_COM_TIM11_IRQHandler
                0x08001510                EXTI1_IRQHandler
                0x08001510                I2C2_ER_IRQHandler
                0x08001510                FLASH_IRQHandler
                0x08001510                BusFault_Handler
                0x08001510                OTG_FS_IRQHandler
                0x08001510                SPI3_IRQHandler
                0x08001510                I2C1_ER_IRQHandler
 *fill*         0x08001512        0x2 
 .text.__libc_init_array
                0x08001514       0x48 c:/tools/ac6/systemworkbench/plugins/fr.ac6.mcu.externaltools.arm-none.win32_1.17.0.201812190825/tools/compiler/bin/../lib/gcc/arm-none-eabi/7.3.1/../../../../arm-none-eabi/lib/thumb/v7e-m/fpv4-sp/hard\libc.a(lib_a-init.o)
                0x08001514                __libc_init_array
 .text.startup.register_fini
                0x0800155c       0x14 c:/tools/ac6/systemworkbench/plugins/fr.ac6.mcu.externaltools.arm-none.win32_1.17.0.201812190825/tools/compiler/bin/../lib/gcc/arm-none-eabi/7.3.1/../../../../arm-none-eabi/lib/thumb/v7e-m/fpv4-sp/hard\libc.a(lib_a-__call_atexit.o)
 .text.atexit   0x08001570        0xc c:/tools/ac6/systemworkbench/plugins/fr.ac6.mcu.externaltools.arm-none.win32_1.17.0.201812190825/tools/compiler/bin/../lib/gcc/arm-none-eabi/7.3.1/../../../../arm-none-eabi/lib/thumb/v7e-m/fpv4-sp/hard\libc.a(lib_a-atexit.o)
                0x08001570                atexit
 .text.__libc_fini_array
                0x0800157c       0x34 c:/tools/ac6/systemworkbench/plugins/fr.ac6.mcu.externaltools.arm-none.win32_1.17.0.201812190825/tools/compiler/bin/../lib/gcc/arm-none-eabi/7.3.1/../../../../arm-none-eabi/lib/thumb/v7e-m/fpv4-sp/hard\libc.a(lib_a-fini.o)
                0x0800157c                __libc_fini_array
 .text.__retarget_lock_acquire_recursive
                0x080015b0        0x4 c:/tools/ac6/systemworkbench/plugins/fr.ac6.mcu.externaltools.arm-none.win32_1.17.0.201812190825/tools/compiler/bin/../lib/gcc/arm-none-eabi/7.3.1/../../../../arm-none-eabi/lib/thumb/v7e-m/fpv4-sp/hard\libc.a(lib_a-lock.o)
                0x080015b0                __retarget_lock_acquire_recursive
 .text.__retarget_lock_release_recursive
                0x080015b4        0x4 c:/tools/ac6/systemworkbench/plugins/fr.ac6.mcu.externaltools.arm-none.win32_1.17.0.201812190825/tools/compiler/bin/../lib/gcc/arm-none-eabi/7.3.1/../../../../arm-none-eabi/lib/thumb/v7e-m/fpv4-sp/hard\libc.a(lib_a-lock.o)
                0x080015b4                __retarget_lock_release_recursive
 .text.__register_exitproc
                0x080015b8       0xc0 c:/tools/ac6/systemworkbench/plugins/fr.ac6.mcu.externaltools.arm-none.win32_1.17.0.201812190825/tools/compiler/bin/../lib/gcc/arm-none-eabi/7.3.1/../../../../arm-none-eabi/lib/thumb/v7e-m/fpv4-sp/hard\libc.a(lib_a-__atexit.o)
                0x080015b8                __register_exitproc
 *(.glue_7)
 .glue_7        0x08001678        0x0 linker stubs
 *(.glue_7t)
 .glue_7t       0x08001678        0x0 linker stubs
 *(.eh_frame)
 .eh_frame      0x08001678        0x0 c:/tools/ac6/systemworkbench/plugins/fr.ac6.mcu.externaltools.arm-none.win32_1.17.0.201812190825/tools/compiler/bin/../lib/gcc/arm-none-eabi/7.3.1/thumb/v7e-m/fpv4-sp/hard/crtbegin.o
 *(.init)
 .init          0x08001678        0x4 c:/tools/ac6/systemworkbench/plugins/fr.ac6.mcu.externaltools.arm-none.win32_1.17.0.201812190825/tools/compiler/bin/../lib/gcc/arm-none-eabi/7.3.1/thumb/v7e-m/fpv4-sp/hard/crti.o
                0x08001678                _init
 .init          0x0800167c        0x8 c:/tools/ac6/systemworkbench/plugins/fr.ac6.mcu.externaltools.arm-none.win32_1.17.0.201812190825/tools/compiler/bin/../lib/gcc/arm-none-eabi/7.3.1/thumb/v7e-m/fpv4-sp/hard/crtn.o
 *(.fini)
 .fini          0x08001684        0x4 c:/tools/ac6/systemworkbench/plugins/fr.ac6.mcu.externaltools.arm-none.win32_1.17.0.201812190825/tools/compiler/bin/../lib/gcc/arm-none-eabi/7.3.1/thumb/v7e-m/fpv4-sp/hard/crti.o
                0x08001684                _fini
 .fini          0x08001688        0x8 c:/tools/ac6/systemworkbench/plugins/fr.ac6.mcu.externaltools.arm-none.win32_1.17.0.201812190825/tools/compiler/bin/../lib/gcc/arm-none-eabi/7.3.1/thumb/v7e-m/fpv4-sp/hard/crtn.o
                0x08001690                . = ALIGN (0x4)
                0x08001690                _etext = .

.vfp11_veneer   0x08001690        0x0
 .vfp11_veneer  0x08001690        0x0 linker stubs

.v4_bx          0x08001690        0x0
 .v4_bx         0x08001690        0x0 linker stubs

.iplt           0x08001690        0x0
 .iplt          0x08001690        0x0 c:/tools/ac6/systemworkbench/plugins/fr.ac6.mcu.externaltools.arm-none.win32_1.17.0.201812190825/tools/compiler/bin/../lib/gcc/arm-none-eabi/7.3.1/thumb/v7e-m/fpv4-sp/hard/crtbegin.o

.rodata         0x08001690      0x21c
                0x08001690                . = ALIGN (0x4)
 *(.rodata)
 .rodata        0x08001690       0x18 src/main.o
 .rodata        0x080016a8      0x200 src/uart_communication_interface.o
 *(.rodata*)
 .rodata._global_impure_ptr
                0x080018a8        0x4 c:/tools/ac6/systemworkbench/plugins/fr.ac6.mcu.externaltools.arm-none.win32_1.17.0.201812190825/tools/compiler/bin/../lib/gcc/arm-none-eabi/7.3.1/../../../../arm-none-eabi/lib/thumb/v7e-m/fpv4-sp/hard\libc.a(lib_a-impure.o)
                0x080018a8                _global_impure_ptr
                0x080018ac                . = ALIGN (0x4)

.rel.dyn        0x080018ac        0x0
 .rel.iplt      0x080018ac        0x0 c:/tools/ac6/systemworkbench/plugins/fr.ac6.mcu.externaltools.arm-none.win32_1.17.0.201812190825/tools/compiler/bin/../lib/gcc/arm-none-eabi/7.3.1/thumb/v7e-m/fpv4-sp/hard/crtbegin.o

.ARM.extab      0x080018ac        0x0
                0x080018ac                . = ALIGN (0x4)
 *(.ARM.extab* .gnu.linkonce.armextab.*)
                0x080018ac                . = ALIGN (0x4)

.ARM            0x080018ac        0x0
                0x080018ac                . = ALIGN (0x4)
                0x080018ac                __exidx_start = .
 *(.ARM.exidx*)
                0x080018ac                __exidx_end = .
                0x080018ac                . = ALIGN (0x4)

.preinit_array  0x080018ac        0x0
                0x080018ac                . = ALIGN (0x4)
                0x080018ac                PROVIDE (__preinit_array_start = .)
 *(.preinit_array*)
                0x080018ac                PROVIDE (__preinit_array_end = .)
                0x080018ac                . = ALIGN (0x4)

.init_array     0x080018ac        0x8
                0x080018ac                . = ALIGN (0x4)
                0x080018ac                PROVIDE (__init_array_start = .)
 *(SORT_BY_NAME(.init_array.*))
 .init_array.00000
                0x080018ac        0x4 c:/tools/ac6/systemworkbench/plugins/fr.ac6.mcu.externaltools.arm-none.win32_1.17.0.201812190825/tools/compiler/bin/../lib/gcc/arm-none-eabi/7.3.1/../../../../arm-none-eabi/lib/thumb/v7e-m/fpv4-sp/hard\libc.a(lib_a-__call_atexit.o)
 *(.init_array*)
 .init_array    0x080018b0        0x4 c:/tools/ac6/systemworkbench/plugins/fr.ac6.mcu.externaltools.arm-none.win32_1.17.0.201812190825/tools/compiler/bin/../lib/gcc/arm-none-eabi/7.3.1/thumb/v7e-m/fpv4-sp/hard/crtbegin.o
                0x080018b4                PROVIDE (__init_array_end = .)
                0x080018b4                . = ALIGN (0x4)

.fini_array     0x080018b4        0x4
                0x080018b4                . = ALIGN (0x4)
                0x080018b4                PROVIDE (__fini_array_start = .)
 *(SORT_BY_NAME(.fini_array.*))
 *(.fini_array*)
 .fini_array    0x080018b4        0x4 c:/tools/ac6/systemworkbench/plugins/fr.ac6.mcu.externaltools.arm-none.win32_1.17.0.201812190825/tools/compiler/bin/../lib/gcc/arm-none-eabi/7.3.1/thumb/v7e-m/fpv4-sp/hard/crtbegin.o
                0x080018b8                PROVIDE (__fini_array_end = .)
                0x080018b8                . = ALIGN (0x4)
                0x080018b8                _sidata = LOADADDR (.data)

.data           0x20000000      0x42c load address 0x080018b8
                0x20000000                . = ALIGN (0x4)
                0x20000000                _sdata = .
 *(.data)
 *(.data*)
 .data.impure_data
                0x20000000      0x428 c:/tools/ac6/systemworkbench/plugins/fr.ac6.mcu.externaltools.arm-none.win32_1.17.0.201812190825/tools/compiler/bin/../lib/gcc/arm-none-eabi/7.3.1/../../../../arm-none-eabi/lib/thumb/v7e-m/fpv4-sp/hard\libc.a(lib_a-impure.o)
 .data.__atexit_recursive_mutex
                0x20000428        0x4 c:/tools/ac6/systemworkbench/plugins/fr.ac6.mcu.externaltools.arm-none.win32_1.17.0.201812190825/tools/compiler/bin/../lib/gcc/arm-none-eabi/7.3.1/../../../../arm-none-eabi/lib/thumb/v7e-m/fpv4-sp/hard\libc.a(lib_a-__call_atexit.o)
                0x20000428                __atexit_recursive_mutex
                0x2000042c                . = ALIGN (0x4)
                0x2000042c                _edata = .

.igot.plt       0x2000042c        0x0 load address 0x08001ce4
 .igot.plt      0x2000042c        0x0 c:/tools/ac6/systemworkbench/plugins/fr.ac6.mcu.externaltools.arm-none.win32_1.17.0.201812190825/tools/compiler/bin/../lib/gcc/arm-none-eabi/7.3.1/thumb/v7e-m/fpv4-sp/hard/crtbegin.o
                0x2000042c                . = ALIGN (0x4)

.bss            0x2000042c       0x4c load address 0x08001ce4
                0x2000042c                _sbss = .
                0x2000042c                __bss_start__ = _sbss
 *(.bss)
 .bss           0x2000042c       0x1c c:/tools/ac6/systemworkbench/plugins/fr.ac6.mcu.externaltools.arm-none.win32_1.17.0.201812190825/tools/compiler/bin/../lib/gcc/arm-none-eabi/7.3.1/thumb/v7e-m/fpv4-sp/hard/crtbegin.o
 .bss           0x20000448        0x4 src/main.o
                0x20000448                pApp
 *(.bss*)
 .bss._ZZN3App3RunEvE4cmdM
                0x2000044c        0x4 src/main.o
                0x2000044c                App::Run()::cmdM
 .bss._ZZN3App3RunEvE4cmdS
                0x20000450        0x4 src/main.o
                0x20000450                App::Run()::cmdS
 *(COMMON)
 COMMON         0x20000454       0x21 c:/tools/ac6/systemworkbench/plugins/fr.ac6.mcu.externaltools.arm-none.win32_1.17.0.201812190825/tools/compiler/bin/../lib/gcc/arm-none-eabi/7.3.1/../../../../arm-none-eabi/lib/thumb/v7e-m/fpv4-sp/hard\libc.a(lib_a-lock.o)
                0x20000454                __lock___atexit_recursive_mutex
                0x20000458                __lock___arc4random_mutex
                0x2000045c                __lock___env_recursive_mutex
                0x20000460                __lock___sinit_recursive_mutex
                0x20000464                __lock___malloc_recursive_mutex
                0x20000468                __lock___at_quick_exit_mutex
                0x2000046c                __lock___dd_hash_mutex
                0x20000470                __lock___tz_mutex
                0x20000474                __lock___sfp_recursive_mutex
                0x20000478                . = ALIGN (0x4)
 *fill*         0x20000475        0x3 
                0x20000478                _ebss = .
                0x20000478                __bss_end__ = _ebss

._user_heap_stack
                0x20000478      0x400 load address 0x08001ce4
                0x20000478                . = ALIGN (0x8)
                0x20000478                PROVIDE (end = .)
                [!provide]                PROVIDE (_end = .)
                0x20000478                . = (. + _Min_Heap_Size)
                0x20000878                . = (. + _Min_Stack_Size)
 *fill*         0x20000478      0x400 
                0x20000878                . = ALIGN (0x8)

/DISCARD/
 libc.a(*)
 libm.a(*)
 libgcc.a(*)

.ARM.attributes
                0x00000000       0x30
 *(.ARM.attributes)
 .ARM.attributes
                0x00000000       0x22 c:/tools/ac6/systemworkbench/plugins/fr.ac6.mcu.externaltools.arm-none.win32_1.17.0.201812190825/tools/compiler/bin/../lib/gcc/arm-none-eabi/7.3.1/thumb/v7e-m/fpv4-sp/hard/crti.o
 .ARM.attributes
                0x00000022       0x34 c:/tools/ac6/systemworkbench/plugins/fr.ac6.mcu.externaltools.arm-none.win32_1.17.0.201812190825/tools/compiler/bin/../lib/gcc/arm-none-eabi/7.3.1/thumb/v7e-m/fpv4-sp/hard/crtbegin.o
 .ARM.attributes
                0x00000056       0x39 src/accelerometer_lis302.o
 .ARM.attributes
                0x0000008f       0x39 src/common.o
 .ARM.attributes
                0x000000c8       0x39 src/main.o
 .ARM.attributes
                0x00000101       0x39 src/rangefinder_2y0a21.o
 .ARM.attributes
                0x0000013a       0x39 src/system_stm32f4xx.o
 .ARM.attributes
                0x00000173       0x39 src/uart_communication_interface.o
 .ARM.attributes
                0x000001ac       0x21 startup/startup_stm32.o
 .ARM.attributes
                0x000001cd       0x34 c:/tools/ac6/systemworkbench/plugins/fr.ac6.mcu.externaltools.arm-none.win32_1.17.0.201812190825/tools/compiler/bin/../lib/gcc/arm-none-eabi/7.3.1/../../../../arm-none-eabi/lib/thumb/v7e-m/fpv4-sp/hard\libc.a(lib_a-impure.o)
 .ARM.attributes
                0x00000201       0x34 c:/tools/ac6/systemworkbench/plugins/fr.ac6.mcu.externaltools.arm-none.win32_1.17.0.201812190825/tools/compiler/bin/../lib/gcc/arm-none-eabi/7.3.1/../../../../arm-none-eabi/lib/thumb/v7e-m/fpv4-sp/hard\libc.a(lib_a-init.o)
 .ARM.attributes
                0x00000235       0x20 c:/tools/ac6/systemworkbench/plugins/fr.ac6.mcu.externaltools.arm-none.win32_1.17.0.201812190825/tools/compiler/bin/../lib/gcc/arm-none-eabi/7.3.1/../../../../arm-none-eabi/lib/thumb/v7e-m/fpv4-sp/hard\libc.a(lib_a-memcpy.o)
 .ARM.attributes
                0x00000255       0x34 c:/tools/ac6/systemworkbench/plugins/fr.ac6.mcu.externaltools.arm-none.win32_1.17.0.201812190825/tools/compiler/bin/../lib/gcc/arm-none-eabi/7.3.1/../../../../arm-none-eabi/lib/thumb/v7e-m/fpv4-sp/hard\libc.a(lib_a-__call_atexit.o)
 .ARM.attributes
                0x00000289       0x34 c:/tools/ac6/systemworkbench/plugins/fr.ac6.mcu.externaltools.arm-none.win32_1.17.0.201812190825/tools/compiler/bin/../lib/gcc/arm-none-eabi/7.3.1/../../../../arm-none-eabi/lib/thumb/v7e-m/fpv4-sp/hard\libc.a(lib_a-atexit.o)
 .ARM.attributes
                0x000002bd       0x34 c:/tools/ac6/systemworkbench/plugins/fr.ac6.mcu.externaltools.arm-none.win32_1.17.0.201812190825/tools/compiler/bin/../lib/gcc/arm-none-eabi/7.3.1/../../../../arm-none-eabi/lib/thumb/v7e-m/fpv4-sp/hard\libc.a(lib_a-fini.o)
 .ARM.attributes
                0x000002f1       0x34 c:/tools/ac6/systemworkbench/plugins/fr.ac6.mcu.externaltools.arm-none.win32_1.17.0.201812190825/tools/compiler/bin/../lib/gcc/arm-none-eabi/7.3.1/../../../../arm-none-eabi/lib/thumb/v7e-m/fpv4-sp/hard\libc.a(lib_a-lock.o)
 .ARM.attributes
                0x00000325       0x34 c:/tools/ac6/systemworkbench/plugins/fr.ac6.mcu.externaltools.arm-none.win32_1.17.0.201812190825/tools/compiler/bin/../lib/gcc/arm-none-eabi/7.3.1/../../../../arm-none-eabi/lib/thumb/v7e-m/fpv4-sp/hard\libc.a(lib_a-__atexit.o)
 .ARM.attributes
                0x00000359       0x22 c:/tools/ac6/systemworkbench/plugins/fr.ac6.mcu.externaltools.arm-none.win32_1.17.0.201812190825/tools/compiler/bin/../lib/gcc/arm-none-eabi/7.3.1/thumb/v7e-m/fpv4-sp/hard/crtn.o
OUTPUT(spair_firmware_discovery.elf elf32-littlearm)

.debug_info     0x00000000     0x7de0
 .debug_info    0x00000000     0x16ce src/accelerometer_lis302.o
 .debug_info    0x000016ce     0x1f90 src/common.o
 .debug_info    0x0000365e     0x27cc src/main.o
 .debug_info    0x00005e2a      0x7dd src/rangefinder_2y0a21.o
 .debug_info    0x00006607      0x612 src/system_stm32f4xx.o
 .debug_info    0x00006c19     0x11a5 src/uart_communication_interface.o
 .debug_info    0x00007dbe       0x22 startup/startup_stm32.o

.debug_abbrev   0x00000000     0x14ef
 .debug_abbrev  0x00000000      0x3a7 src/accelerometer_lis302.o
 .debug_abbrev  0x000003a7      0x50c src/common.o
 .debug_abbrev  0x000008b3      0x632 src/main.o
 .debug_abbrev  0x00000ee5      0x1a1 src/rangefinder_2y0a21.o
 .debug_abbrev  0x00001086      0x15d src/system_stm32f4xx.o
 .debug_abbrev  0x000011e3      0x2fa src/uart_communication_interface.o
 .debug_abbrev  0x000014dd       0x12 startup/startup_stm32.o

.debug_aranges  0x00000000      0x240
 .debug_aranges
                0x00000000       0x30 src/accelerometer_lis302.o
 .debug_aranges
                0x00000030       0x98 src/common.o
 .debug_aranges
                0x000000c8       0xb8 src/main.o
 .debug_aranges
                0x00000180       0x20 src/rangefinder_2y0a21.o
 .debug_aranges
                0x000001a0       0x30 src/system_stm32f4xx.o
 .debug_aranges
                0x000001d0       0x48 src/uart_communication_interface.o
 .debug_aranges
                0x00000218       0x28 startup/startup_stm32.o

.debug_ranges   0x00000000      0x1d8
 .debug_ranges  0x00000000       0x20 src/accelerometer_lis302.o
 .debug_ranges  0x00000020       0x88 src/common.o
 .debug_ranges  0x000000a8       0xa8 src/main.o
 .debug_ranges  0x00000150       0x10 src/rangefinder_2y0a21.o
 .debug_ranges  0x00000160       0x20 src/system_stm32f4xx.o
 .debug_ranges  0x00000180       0x38 src/uart_communication_interface.o
 .debug_ranges  0x000001b8       0x20 startup/startup_stm32.o

.debug_macro    0x00000000     0xe61e
 .debug_macro   0x00000000      0x1ee src/accelerometer_lis302.o
 .debug_macro   0x000001ee      0xb1a src/accelerometer_lis302.o
 .debug_macro   0x00000d08       0x65 src/accelerometer_lis302.o
 .debug_macro   0x00000d6d       0x3b src/accelerometer_lis302.o
 .debug_macro   0x00000da8       0x1c src/accelerometer_lis302.o
 .debug_macro   0x00000dc4       0x22 src/accelerometer_lis302.o
 .debug_macro   0x00000de6       0x56 src/accelerometer_lis302.o
 .debug_macro   0x00000e3c       0x51 src/accelerometer_lis302.o
 .debug_macro   0x00000e8d       0xef src/accelerometer_lis302.o
 .debug_macro   0x00000f7c       0x6a src/accelerometer_lis302.o
 .debug_macro   0x00000fe6      0x1df src/accelerometer_lis302.o
 .debug_macro   0x000011c5       0x34 src/accelerometer_lis302.o
 .debug_macro   0x000011f9       0x26 src/accelerometer_lis302.o
 .debug_macro   0x0000121f      0xe43 src/accelerometer_lis302.o
 .debug_macro   0x00002062     0x91de src/accelerometer_lis302.o
 .debug_macro   0x0000b240       0x46 src/accelerometer_lis302.o
 .debug_macro   0x0000b286      0x168 src/accelerometer_lis302.o
 .debug_macro   0x0000b3ee       0x10 src/accelerometer_lis302.o
 .debug_macro   0x0000b3fe      0x3f4 src/accelerometer_lis302.o
 .debug_macro   0x0000b7f2       0x18 src/accelerometer_lis302.o
 .debug_macro   0x0000b80a       0x5e src/accelerometer_lis302.o
 .debug_macro   0x0000b868       0x18 src/accelerometer_lis302.o
 .debug_macro   0x0000b880       0x35 src/accelerometer_lis302.o
 .debug_macro   0x0000b8b5       0x34 src/accelerometer_lis302.o
 .debug_macro   0x0000b8e9      0x17b src/accelerometer_lis302.o
 .debug_macro   0x0000ba64       0x58 src/accelerometer_lis302.o
 .debug_macro   0x0000babc       0x1f src/accelerometer_lis302.o
 .debug_macro   0x0000badb       0x43 src/accelerometer_lis302.o
 .debug_macro   0x0000bb1e       0x20 src/accelerometer_lis302.o
 .debug_macro   0x0000bb3e      0x18e src/accelerometer_lis302.o
 .debug_macro   0x0000bccc      0x353 src/accelerometer_lis302.o
 .debug_macro   0x0000c01f       0xd7 src/accelerometer_lis302.o
 .debug_macro   0x0000c0f6       0x10 src/accelerometer_lis302.o
 .debug_macro   0x0000c106       0x16 src/accelerometer_lis302.o
 .debug_macro   0x0000c11c       0x35 src/accelerometer_lis302.o
 .debug_macro   0x0000c151       0x22 src/accelerometer_lis302.o
 .debug_macro   0x0000c173       0x10 src/accelerometer_lis302.o
 .debug_macro   0x0000c183      0x3c7 src/accelerometer_lis302.o
 .debug_macro   0x0000c54a      0x239 src/common.o
 .debug_macro   0x0000c783       0x16 src/common.o
 .debug_macro   0x0000c799       0x10 src/common.o
 .debug_macro   0x0000c7a9      0x239 src/main.o
 .debug_macro   0x0000c9e2       0xba src/rangefinder_2y0a21.o
 .debug_macro   0x0000ca9c       0xcf src/system_stm32f4xx.o
 .debug_macro   0x0000cb6b      0xa6c src/system_stm32f4xx.o
 .debug_macro   0x0000d5d7       0x8e src/system_stm32f4xx.o
 .debug_macro   0x0000d665      0xe43 src/system_stm32f4xx.o
 .debug_macro   0x0000e4a8      0x166 src/uart_communication_interface.o
 .debug_macro   0x0000e60e       0x10 src/uart_communication_interface.o

.debug_line     0x00000000     0x2b2e
 .debug_line    0x00000000      0x814 src/accelerometer_lis302.o
 .debug_line    0x00000814      0x9c5 src/common.o
 .debug_line    0x000011d9      0xa9b src/main.o
 .debug_line    0x00001c74      0x446 src/rangefinder_2y0a21.o
 .debug_line    0x000020ba      0x457 src/system_stm32f4xx.o
 .debug_line    0x00002511      0x5a1 src/uart_communication_interface.o
 .debug_line    0x00002ab2       0x7c startup/startup_stm32.o

.debug_str      0x00000000    0x42c60
 .debug_str     0x00000000    0x41869 src/accelerometer_lis302.o
                              0x41b8a (size before relaxing)
 .debug_str     0x00041869      0x87f src/common.o
                              0x4235e (size before relaxing)
 .debug_str     0x000420e8      0x6a7 src/main.o
                              0x429d2 (size before relaxing)
 .debug_str     0x0004278f       0xbb src/rangefinder_2y0a21.o
                              0x3c81f (size before relaxing)
 .debug_str     0x0004284a      0x37e src/system_stm32f4xx.o
                              0x3c322 (size before relaxing)
 .debug_str     0x00042bc8       0x6f src/uart_communication_interface.o
                              0x3f8b1 (size before relaxing)
 .debug_str     0x00042c37       0x29 startup/startup_stm32.o
                                 0x67 (size before relaxing)

.comment        0x00000000       0x7f
 .comment       0x00000000       0x7f src/accelerometer_lis302.o
                                 0x80 (size before relaxing)
 .comment       0x0000007f       0x80 src/common.o
 .comment       0x0000007f       0x80 src/main.o
 .comment       0x0000007f       0x80 src/rangefinder_2y0a21.o
 .comment       0x0000007f       0x80 src/system_stm32f4xx.o
 .comment       0x0000007f       0x80 src/uart_communication_interface.o

.debug_frame    0x00000000      0x908
 .debug_frame   0x00000000       0x7c src/accelerometer_lis302.o
 .debug_frame   0x0000007c      0x234 src/common.o
 .debug_frame   0x000002b0      0x2f0 src/main.o
 .debug_frame   0x000005a0       0x38 src/rangefinder_2y0a21.o
 .debug_frame   0x000005d8       0x7c src/system_stm32f4xx.o
 .debug_frame   0x00000654       0xf4 src/uart_communication_interface.o
 .debug_frame   0x00000748       0x2c c:/tools/ac6/systemworkbench/plugins/fr.ac6.mcu.externaltools.arm-none.win32_1.17.0.201812190825/tools/compiler/bin/../lib/gcc/arm-none-eabi/7.3.1/../../../../arm-none-eabi/lib/thumb/v7e-m/fpv4-sp/hard\libc.a(lib_a-init.o)
 .debug_frame   0x00000774       0x5c c:/tools/ac6/systemworkbench/plugins/fr.ac6.mcu.externaltools.arm-none.win32_1.17.0.201812190825/tools/compiler/bin/../lib/gcc/arm-none-eabi/7.3.1/../../../../arm-none-eabi/lib/thumb/v7e-m/fpv4-sp/hard\libc.a(lib_a-__call_atexit.o)
 .debug_frame   0x000007d0       0x20 c:/tools/ac6/systemworkbench/plugins/fr.ac6.mcu.externaltools.arm-none.win32_1.17.0.201812190825/tools/compiler/bin/../lib/gcc/arm-none-eabi/7.3.1/../../../../arm-none-eabi/lib/thumb/v7e-m/fpv4-sp/hard\libc.a(lib_a-atexit.o)
 .debug_frame   0x000007f0       0x34 c:/tools/ac6/systemworkbench/plugins/fr.ac6.mcu.externaltools.arm-none.win32_1.17.0.201812190825/tools/compiler/bin/../lib/gcc/arm-none-eabi/7.3.1/../../../../arm-none-eabi/lib/thumb/v7e-m/fpv4-sp/hard\libc.a(lib_a-fini.o)
 .debug_frame   0x00000824       0xb0 c:/tools/ac6/systemworkbench/plugins/fr.ac6.mcu.externaltools.arm-none.win32_1.17.0.201812190825/tools/compiler/bin/../lib/gcc/arm-none-eabi/7.3.1/../../../../arm-none-eabi/lib/thumb/v7e-m/fpv4-sp/hard\libc.a(lib_a-lock.o)
 .debug_frame   0x000008d4       0x34 c:/tools/ac6/systemworkbench/plugins/fr.ac6.mcu.externaltools.arm-none.win32_1.17.0.201812190825/tools/compiler/bin/../lib/gcc/arm-none-eabi/7.3.1/../../../../arm-none-eabi/lib/thumb/v7e-m/fpv4-sp/hard\libc.a(lib_a-__atexit.o)
